##############################################################################################################
#
# Rosetta crash log. Please submit the contents of this file to http://crash.rosettacommons.org/
# or use the script Rosetta/main/source/scripts/python/public/report_crashes.py
#

[START_CRASH_REPORT]
[ROSETTA_VERSION]: 0.0.dev0
[COMMIT_DATE]: 2025-11-04T10:02:46
[APPLICATION]: UNKNOWN APPLICATION
[MODE]: Release
[EXTRAS]: default
[OS]: Apple Mac OS X
[COMPILER]: Clang version "14.0.0 (clang-1400.0.29.202)"
[STDLIB]: libc++ version 13000
[START_OPTIONS]
NO OPTIONS SPECIFIED

[END_OPTIONS]

[START_BACKTRACE]: RAW_LIBC
0   libutility.dylib                    0x0000000114b6a9ce backtrace_string(int) + 78
1   libutility.dylib                    0x0000000114b8b86e utility::excn::Exception::Exception(char const*, int, std::__1::basic_string<char, std::__1::char_traits<char>, std::__1::allocator<char> > const&) + 190
2   libutility.dylib                    0x0000000114c4b4d2 utility::options::OptionCollection::load_options_from_file_exception(std::__1::basic_string<char, std::__1::char_traits<char>, std::__1::allocator<char> > const&, std::__1::basic_string<char, std::__1::char_traits<char>, std::__1::allocator<char> > const&) + 514
3   libutility.dylib                    0x0000000114c450a4 utility::options::OptionCollection::load(std::__1::basic_string<char, std::__1::char_traits<char>, std::__1::allocator<char> >, std::__1::list<std::__1::basic_string<char, std::__1::char_traits<char>, std::__1::allocator<char> >, std::__1::allocator<std::__1::basic_string<char, std::__1::char_traits<char>, std::__1::allocator<char> > > >&, bool) + 532
4   libutility.dylib                    0x0000000114c460ec utility::options::OptionCollection::load(int, char* const*, bool) + 556
5   libcore.6.dylib                     0x000000011004f204 core::init::init(int, char**) + 52
6   relax.default.macosclangrelease     0x000000010b0babb9 main + 89
7   dyld                                0x0000000115e2c52e start + 462

[END_BACKTRACE]

[FILE]: src/utility/options/OptionCollection.cc
[LINE]: 572
[START_MESSAGE]
Option file open failed for: '/Users/jwu1421/College Stuff/rosetta/source/lab_7/inputs/relax_inputs.flag'

[END_MESSAGE]
[END_CRASH_REPORT]

##############################################################################################################
#
# Rosetta crash log. Please submit the contents of this file to http://crash.rosettacommons.org/
# or use the script Rosetta/main/source/scripts/python/public/report_crashes.py
#

[START_CRASH_REPORT]
[ROSETTA_VERSION]: 0.0.dev0
[COMMIT_DATE]: 2025-11-04T10:02:46
[APPLICATION]: UNKNOWN APPLICATION
[MODE]: Release
[EXTRAS]: default
[OS]: Apple Mac OS X
[COMPILER]: Clang version "14.0.0 (clang-1400.0.29.202)"
[STDLIB]: libc++ version 13000
[START_OPTIONS]
NO OPTIONS SPECIFIED

[END_OPTIONS]

[START_BACKTRACE]: RAW_LIBC
0   libutility.dylib                    0x000000010d0c09ce backtrace_string(int) + 78
1   libutility.dylib                    0x000000010d0e186e utility::excn::Exception::Exception(char const*, int, std::__1::basic_string<char, std::__1::char_traits<char>, std::__1::allocator<char> > const&) + 190
2   libutility.dylib                    0x000000010d1a14d2 utility::options::OptionCollection::load_options_from_file_exception(std::__1::basic_string<char, std::__1::char_traits<char>, std::__1::allocator<char> > const&, std::__1::basic_string<char, std::__1::char_traits<char>, std::__1::allocator<char> > const&) + 514
3   libutility.dylib                    0x000000010d19b0a4 utility::options::OptionCollection::load(std::__1::basic_string<char, std::__1::char_traits<char>, std::__1::allocator<char> >, std::__1::list<std::__1::basic_string<char, std::__1::char_traits<char>, std::__1::allocator<char> >, std::__1::allocator<std::__1::basic_string<char, std::__1::char_traits<char>, std::__1::allocator<char> > > >&, bool) + 532
4   libutility.dylib                    0x000000010d19c0ec utility::options::OptionCollection::load(int, char* const*, bool) + 556
5   libcore.6.dylib                     0x00000001083b6204 core::init::init(int, char**) + 52
6   relax.default.macosclangrelease     0x0000000103421bb9 main + 89
7   dyld                                0x000000010c69452e start + 462

[END_BACKTRACE]

[FILE]: src/utility/options/OptionCollection.cc
[LINE]: 572
[START_MESSAGE]
Option file open failed for: '/Users/jwu1421/relax_inputs.flag'

[END_MESSAGE]
[END_CRASH_REPORT]

##############################################################################################################
#
# Rosetta crash log. Please submit the contents of this file to http://crash.rosettacommons.org/
# or use the script Rosetta/main/source/scripts/python/public/report_crashes.py
#

[START_CRASH_REPORT]
[ROSETTA_VERSION]: 0.0.dev0
[COMMIT_DATE]: 2025-11-04T10:02:46
[APPLICATION]: UNKNOWN APPLICATION
[MODE]: Release
[EXTRAS]: default
[OS]: Apple Mac OS X
[COMPILER]: Clang version "14.0.0 (clang-1400.0.29.202)"
[STDLIB]: libc++ version 13000
[START_OPTIONS]
NO OPTIONS SPECIFIED

[END_OPTIONS]

[START_BACKTRACE]: RAW_LIBC
0   libutility.dylib                    0x000000010ac759ce backtrace_string(int) + 78
1   libutility.dylib                    0x000000010ac9686e utility::excn::Exception::Exception(char const*, int, std::__1::basic_string<char, std::__1::char_traits<char>, std::__1::allocator<char> > const&) + 190
2   libutility.dylib                    0x000000010ad564d2 utility::options::OptionCollection::load_options_from_file_exception(std::__1::basic_string<char, std::__1::char_traits<char>, std::__1::allocator<char> > const&, std::__1::basic_string<char, std::__1::char_traits<char>, std::__1::allocator<char> > const&) + 514
3   libutility.dylib                    0x000000010ad500a4 utility::options::OptionCollection::load(std::__1::basic_string<char, std::__1::char_traits<char>, std::__1::allocator<char> >, std::__1::list<std::__1::basic_string<char, std::__1::char_traits<char>, std::__1::allocator<char> >, std::__1::allocator<std::__1::basic_string<char, std::__1::char_traits<char>, std::__1::allocator<char> > > >&, bool) + 532
4   libutility.dylib                    0x000000010ad510ec utility::options::OptionCollection::load(int, char* const*, bool) + 556
5   libcore.6.dylib                     0x000000010615a204 core::init::init(int, char**) + 52
6   relax.default.macosclangrelease     0x00000001011c5bb9 main + 89
7   dyld                                0x000000010e47852e start + 462

[END_BACKTRACE]

[FILE]: src/utility/options/OptionCollection.cc
[LINE]: 572
[START_MESSAGE]
Option file open failed for: '/Users/jwu1421/relax_inputs.flags'

[END_MESSAGE]
[END_CRASH_REPORT]

##############################################################################################################
#
# Rosetta crash log. Please submit the contents of this file to http://crash.rosettacommons.org/
# or use the script Rosetta/main/source/scripts/python/public/report_crashes.py
#

[START_CRASH_REPORT]
[ROSETTA_VERSION]: 0.0.dev0
[COMMIT_DATE]: 2025-11-04T10:02:46
[APPLICATION]: UNKNOWN APPLICATION
[MODE]: Release
[EXTRAS]: default
[OS]: Apple Mac OS X
[COMPILER]: Clang version "14.0.0 (clang-1400.0.29.202)"
[STDLIB]: libc++ version 13000
[START_OPTIONS]
NO OPTIONS SPECIFIED

[END_OPTIONS]

[START_BACKTRACE]: RAW_LIBC
0   libutility.dylib                    0x000000010e5eb9ce backtrace_string(int) + 78
1   libutility.dylib                    0x000000010e60c86e utility::excn::Exception::Exception(char const*, int, std::__1::basic_string<char, std::__1::char_traits<char>, std::__1::allocator<char> > const&) + 190
2   libutility.dylib                    0x000000010e6cc4d2 utility::options::OptionCollection::load_options_from_file_exception(std::__1::basic_string<char, std::__1::char_traits<char>, std::__1::allocator<char> > const&, std::__1::basic_string<char, std::__1::char_traits<char>, std::__1::allocator<char> > const&) + 514
3   libutility.dylib                    0x000000010e6c60a4 utility::options::OptionCollection::load(std::__1::basic_string<char, std::__1::char_traits<char>, std::__1::allocator<char> >, std::__1::list<std::__1::basic_string<char, std::__1::char_traits<char>, std::__1::allocator<char> >, std::__1::allocator<std::__1::basic_string<char, std::__1::char_traits<char>, std::__1::allocator<char> > > >&, bool) + 532
4   libutility.dylib                    0x000000010e6c70ec utility::options::OptionCollection::load(int, char* const*, bool) + 556
5   libcore.6.dylib                     0x000000010b690204 core::init::init(int, char**) + 52
6   relax.default.macosclangrelease     0x000000010782bbb9 main + 89
7   dyld                                0x000000010b92f52e start + 462

[END_BACKTRACE]

[FILE]: src/utility/options/OptionCollection.cc
[LINE]: 572
[START_MESSAGE]
Option file open failed for: '/Users/jwu1421/relax_inputs.flags'

[END_MESSAGE]
[END_CRASH_REPORT]

##############################################################################################################
#
# Rosetta crash log. Please submit the contents of this file to http://crash.rosettacommons.org/
# or use the script Rosetta/main/source/scripts/python/public/report_crashes.py
#

[START_CRASH_REPORT]
[ROSETTA_VERSION]: 0.0.dev0
[COMMIT_DATE]: 2025-11-04T10:02:46
[APPLICATION]: /Users/jwu1421/College Stuff/rosetta/source/bin/relax.default.macosclangrelease
[MODE]: Release
[EXTRAS]: default
[OS]: Apple Mac OS X
[COMPILER]: Clang version "14.0.0 (clang-1400.0.29.202)"
[STDLIB]: libc++ version 13000
[START_OPTIONS]
 -in:path:database=../../../database/ -in:file:s=./outputs/scripts/5J0K_A.pdb -in:file:native=../inputs/5J0K_A.pdb -out:nstruct=3 -out:prefix=r_ -out:file:scorefile=score.sc -out:file:silent=relaxed_structures.silent -relax:default_repeats=1 -relax:constrain_relax_to_start_coords

[END_OPTIONS]

[START_BACKTRACE]: RAW_LIBC
0   libutility.dylib                    0x00000001137a19ce backtrace_string(int) + 78
1   libutility.dylib                    0x00000001137c286e utility::excn::Exception::Exception(char const*, int, std::__1::basic_string<char, std::__1::char_traits<char>, std::__1::allocator<char> > const&) + 190
2   libutility.dylib                    0x00000001137a569c utility::UtilityExitException::UtilityExitException(char const*, int, std::__1::basic_string<char, std::__1::char_traits<char>, std::__1::allocator<char> > const&) + 108
3   libutility.dylib                    0x00000001137a55d7 utility::exit(char const*, int, std::__1::basic_string<char, std::__1::char_traits<char>, std::__1::allocator<char> > const&, int) + 55
4   libcore.3.dylib                     0x0000000114e0ab98 core::scoring::find_weights_file(std::__1::basic_string<char, std::__1::char_traits<char>, std::__1::allocator<char> > const&, std::__1::basic_string<char, std::__1::char_traits<char>, std::__1::allocator<char> > const&) + 1768
5   libcore.3.dylib                     0x0000000114e09038 core::scoring::ScoreFunction::add_weights_from_file(std::__1::basic_string<char, std::__1::char_traits<char>, std::__1::allocator<char> > const&) + 40
6   libcore.3.dylib                     0x0000000114e26d68 core::scoring::ScoreFunctionFactory::load_score_function_from_disk(utility::options::OptionCollection const&, std::__1::basic_string<char, std::__1::char_traits<char>, std::__1::allocator<char> > const&, utility::vector1<std::__1::basic_string<char, std::__1::char_traits<char>, std::__1::allocator<char> >, std::__1::allocator<std::__1::basic_string<char, std::__1::char_traits<char>, std::__1::allocator<char> > > > const&) + 1512
7   libcore.3.dylib                     0x0000000114e2c75b std::__1::__function::__func<std::__1::__bind<std::__1::shared_ptr<core::scoring::SplitUnfoldedTwoBodyPotential> (*)(std::__1::basic_string<char, std::__1::char_traits<char>, std::__1::allocator<char> > const&, std::__1::basic_string<char, std::__1::char_traits<char>, std::__1::allocator<char> > const&, std::__1::basic_string<char, std::__1::char_traits<char>, std::__1::allocator<char> > const&), std::__1::reference_wrapper<std::__1::basic_string<char, std::__1::char_traits<char>, std::__1::allocator<char> > const>, std::__1::reference_wrapper<std::__1::basic_string<char, std::__1::char_traits<char>, std::__1::allocator<char> > const>, std::__1::reference_wrapper<std::__1::basic_string<char, std::__1::char_traits<char>, std::__1::allocator<char> > const> >, std::__1::allocator<std::__1::__bind<std::__1::shared_ptr<core::scoring::SplitUnfoldedTwoBodyPotential> (*)(std::__1::basic_string<char, std::__1::char_traits<char>, std::__1::allocator<char> > const&, std::__1::basic_string<char, std::__1::char_traits<char>, std::__1::allocator<char> > const&, std::__1::basic_string<char, std::__1::char_traits<char>, std::__1::allocator<char> > const&), std::__1::reference_wrapper<std::__1::basic_string<char, std::__1::char_traits<char>, std::__1::allocator<char> > const>, std::__1::reference_wrapper<std::__1::basic_string<char, std::__1::char_traits<char>, std::__1::allocator<char> > const>, std::__1::reference_wrapper<std::__1::basic_string<char, std::__1::char_traits<char>, std::__1::allocator<char> > const> > >, std::__1::shared_ptr<core::scoring::SplitUnfoldedTwoBodyPotential> ()>::operator()() + 27
8   libcore.3.dylib                     0x0000000114e27546 std::__1::shared_ptr<core::scoring::ScoreFunction> utility::thread::safely_check_map_for_key_and_insert_if_absent<core::scoring::ScoreFunction, core::scoring::ScoreFunctionKey>(std::__1::function<std::__1::shared_ptr<core::scoring::ScoreFunction> ()>, bool, core::scoring::ScoreFunctionKey const&, std::__1::map<core::scoring::ScoreFunctionKey, std::__1::shared_ptr<core::scoring::ScoreFunction>, std::__1::less<core::scoring::ScoreFunctionKey>, std::__1::allocator<std::__1::pair<core::scoring::ScoreFunctionKey const, std::__1::shared_ptr<core::scoring::ScoreFunction> > > >&) + 150
9   libcore.3.dylib                     0x0000000114e24fbb core::scoring::ScoreFunctionFactory::create_score_function_nonstatic(utility::options::OptionCollection const&, std::__1::basic_string<char, std::__1::char_traits<char>, std::__1::allocator<char> > const&, utility::vector1<std::__1::basic_string<char, std::__1::char_traits<char>, std::__1::allocator<char> >, std::__1::allocator<std::__1::basic_string<char, std::__1::char_traits<char>, std::__1::allocator<char> > > > const&) + 667
10  libcore.3.dylib                     0x0000000114e2989d core::scoring::get_score_function(utility::options::OptionCollection const&, bool) + 2045
11  libcore.3.dylib                     0x0000000114e29087 core::scoring::get_score_function(bool) + 23
12  libprotocols.4.dylib                0x000000010f745ba8 protocols::relax::generate_relax_from_cmd(utility::options::OptionCollection const&, bool) + 40
13  libprotocols.4.dylib                0x000000010f745b67 protocols::relax::generate_relax_from_cmd(bool) + 23
14  libprotocols.4.dylib                0x000000010f732c72 protocols::relax::Relax_main(bool) + 34
15  relax.default.macosclangrelease     0x0000000109cf1bc0 main + 96
16  dyld                                0x000000011696452e start + 462

[END_BACKTRACE]

[FILE]: src/core/scoring/ScoreFunction.cc
[LINE]: 3516
[START_MESSAGE]
[ ERROR ] UtilityExitException
ERROR: Unable to open weights/patch file. None of (./)ref2015 or (./)ref2015.wts or ../../../database/scoring/weights/ref2015 or ../../../database/scoring/weights/ref2015.wts exist



[END_MESSAGE]
[END_CRASH_REPORT]

##############################################################################################################
#
# Rosetta crash log. Please submit the contents of this file to http://crash.rosettacommons.org/
# or use the script Rosetta/main/source/scripts/python/public/report_crashes.py
#

[START_CRASH_REPORT]
[ROSETTA_VERSION]: 0.0.dev0
[COMMIT_DATE]: 2025-11-04T10:02:46
[APPLICATION]: UNKNOWN APPLICATION
[MODE]: Release
[EXTRAS]: default
[OS]: Apple Mac OS X
[COMPILER]: Clang version "14.0.0 (clang-1400.0.29.202)"
[STDLIB]: libc++ version 13000
[START_OPTIONS]
NO OPTIONS SPECIFIED

[END_OPTIONS]

[START_BACKTRACE]: RAW_LIBC
0   libutility.dylib                    0x00000001133b79ce backtrace_string(int) + 78
1   libutility.dylib                    0x00000001133d886e utility::excn::Exception::Exception(char const*, int, std::__1::basic_string<char, std::__1::char_traits<char>, std::__1::allocator<char> > const&) + 190
2   libutility.dylib                    0x00000001134a41f6 utility::options::OptionCollection::set_option_value_file(std::__1::basic_string<char, std::__1::char_traits<char>, std::__1::allocator<char> > const&, std::__1::list<std::__1::basic_string<char, std::__1::char_traits<char>, std::__1::allocator<char> >, std::__1::allocator<std::__1::basic_string<char, std::__1::char_traits<char>, std::__1::allocator<char> > > >&) + 1206
3   libutility.dylib                    0x0000000113497d67 utility::options::OptionCollection::load_option_file(std::__1::basic_string<char, std::__1::char_traits<char>, std::__1::allocator<char> > const&, std::__1::list<std::__1::basic_string<char, std::__1::char_traits<char>, std::__1::allocator<char> >, std::__1::allocator<std::__1::basic_string<char, std::__1::char_traits<char>, std::__1::allocator<char> > > >&, std::__1::basic_string<char, std::__1::char_traits<char>, std::__1::allocator<char> >&, bool) + 823
4   libutility.dylib                    0x0000000113496b8c utility::options::OptionCollection::load_options_from_stream(std::__1::basic_istream<char, std::__1::char_traits<char> >&, std::__1::basic_string<char, std::__1::char_traits<char>, std::__1::allocator<char> > const&, std::__1::basic_string<char, std::__1::char_traits<char>, std::__1::allocator<char> > const&, bool) + 2908
5   libutility.dylib                    0x0000000113498411 utility::options::OptionCollection::load_options_from_file_exception(std::__1::basic_string<char, std::__1::char_traits<char>, std::__1::allocator<char> > const&, std::__1::basic_string<char, std::__1::char_traits<char>, std::__1::allocator<char> > const&) + 321
6   libutility.dylib                    0x00000001134920a4 utility::options::OptionCollection::load(std::__1::basic_string<char, std::__1::char_traits<char>, std::__1::allocator<char> >, std::__1::list<std::__1::basic_string<char, std::__1::char_traits<char>, std::__1::allocator<char> >, std::__1::allocator<std::__1::basic_string<char, std::__1::char_traits<char>, std::__1::allocator<char> > > >&, bool) + 532
7   libutility.dylib                    0x00000001134930ec utility::options::OptionCollection::load(int, char* const*, bool) + 556
8   libcore.6.dylib                     0x000000010e89c204 core::init::init(int, char**) + 52
9   relax.default.macosclangrelease     0x0000000109833bb9 main + 89
10  dyld                                0x0000000109f7e52e start + 462

[END_BACKTRACE]

[FILE]: src/utility/options/OptionCollection.cc
[LINE]: 1245
[START_MESSAGE]
 Multiple values specified for option -in:file:native

[END_MESSAGE]
[END_CRASH_REPORT]

##############################################################################################################
#
# Rosetta crash log. Please submit the contents of this file to http://crash.rosettacommons.org/
# or use the script Rosetta/main/source/scripts/python/public/report_crashes.py
#

[START_CRASH_REPORT]
[ROSETTA_VERSION]: 0.0.dev0
[COMMIT_DATE]: 2025-11-04T10:02:46
[APPLICATION]: /Users/jwu1421/College Stuff/rosetta/source/bin/relax.default.macosclangrelease
[MODE]: Release
[EXTRAS]: default
[OS]: Apple Mac OS X
[COMPILER]: Clang version "14.0.0 (clang-1400.0.29.202)"
[STDLIB]: libc++ version 13000
[START_OPTIONS]
 -in:path:database=/Users/jwu1421/College/ Stuff/rosetta/database/ -in:file:s=./outputs/scripts/5J0K_A.pdb -in:file:native=/Users/jwu1421/College/ Stuff/rosetta/source/lab_7/inputs/5J0K_A.pdb -out:nstruct=3 -out:prefix=r_ -out:file:scorefile=score.sc -out:file:silent=relaxed_structures.silent -relax:default_repeats=1 -relax:constrain_relax_to_start_coords

[END_OPTIONS]

[START_BACKTRACE]: RAW_LIBC
0   libutility.dylib                    0x000000010903f9ce backtrace_string(int) + 78
1   libutility.dylib                    0x000000010906086e utility::excn::Exception::Exception(char const*, int, std::__1::basic_string<char, std::__1::char_traits<char>, std::__1::allocator<char> > const&) + 190
2   libutility.dylib                    0x000000010904369c utility::UtilityExitException::UtilityExitException(char const*, int, std::__1::basic_string<char, std::__1::char_traits<char>, std::__1::allocator<char> > const&) + 108
3   libutility.dylib                    0x00000001090435d7 utility::exit(char const*, int, std::__1::basic_string<char, std::__1::char_traits<char>, std::__1::allocator<char> > const&, int) + 55
4   libcore.3.dylib                     0x000000010d813b98 core::scoring::find_weights_file(std::__1::basic_string<char, std::__1::char_traits<char>, std::__1::allocator<char> > const&, std::__1::basic_string<char, std::__1::char_traits<char>, std::__1::allocator<char> > const&) + 1768
5   libcore.3.dylib                     0x000000010d812038 core::scoring::ScoreFunction::add_weights_from_file(std::__1::basic_string<char, std::__1::char_traits<char>, std::__1::allocator<char> > const&) + 40
6   libcore.3.dylib                     0x000000010d82fd68 core::scoring::ScoreFunctionFactory::load_score_function_from_disk(utility::options::OptionCollection const&, std::__1::basic_string<char, std::__1::char_traits<char>, std::__1::allocator<char> > const&, utility::vector1<std::__1::basic_string<char, std::__1::char_traits<char>, std::__1::allocator<char> >, std::__1::allocator<std::__1::basic_string<char, std::__1::char_traits<char>, std::__1::allocator<char> > > > const&) + 1512
7   libcore.3.dylib                     0x000000010d83575b std::__1::__function::__func<std::__1::__bind<std::__1::shared_ptr<core::scoring::SplitUnfoldedTwoBodyPotential> (*)(std::__1::basic_string<char, std::__1::char_traits<char>, std::__1::allocator<char> > const&, std::__1::basic_string<char, std::__1::char_traits<char>, std::__1::allocator<char> > const&, std::__1::basic_string<char, std::__1::char_traits<char>, std::__1::allocator<char> > const&), std::__1::reference_wrapper<std::__1::basic_string<char, std::__1::char_traits<char>, std::__1::allocator<char> > const>, std::__1::reference_wrapper<std::__1::basic_string<char, std::__1::char_traits<char>, std::__1::allocator<char> > const>, std::__1::reference_wrapper<std::__1::basic_string<char, std::__1::char_traits<char>, std::__1::allocator<char> > const> >, std::__1::allocator<std::__1::__bind<std::__1::shared_ptr<core::scoring::SplitUnfoldedTwoBodyPotential> (*)(std::__1::basic_string<char, std::__1::char_traits<char>, std::__1::allocator<char> > const&, std::__1::basic_string<char, std::__1::char_traits<char>, std::__1::allocator<char> > const&, std::__1::basic_string<char, std::__1::char_traits<char>, std::__1::allocator<char> > const&), std::__1::reference_wrapper<std::__1::basic_string<char, std::__1::char_traits<char>, std::__1::allocator<char> > const>, std::__1::reference_wrapper<std::__1::basic_string<char, std::__1::char_traits<char>, std::__1::allocator<char> > const>, std::__1::reference_wrapper<std::__1::basic_string<char, std::__1::char_traits<char>, std::__1::allocator<char> > const> > >, std::__1::shared_ptr<core::scoring::SplitUnfoldedTwoBodyPotential> ()>::operator()() + 27
8   libcore.3.dylib                     0x000000010d830546 std::__1::shared_ptr<core::scoring::ScoreFunction> utility::thread::safely_check_map_for_key_and_insert_if_absent<core::scoring::ScoreFunction, core::scoring::ScoreFunctionKey>(std::__1::function<std::__1::shared_ptr<core::scoring::ScoreFunction> ()>, bool, core::scoring::ScoreFunctionKey const&, std::__1::map<core::scoring::ScoreFunctionKey, std::__1::shared_ptr<core::scoring::ScoreFunction>, std::__1::less<core::scoring::ScoreFunctionKey>, std::__1::allocator<std::__1::pair<core::scoring::ScoreFunctionKey const, std::__1::shared_ptr<core::scoring::ScoreFunction> > > >&) + 150
9   libcore.3.dylib                     0x000000010d82dfbb core::scoring::ScoreFunctionFactory::create_score_function_nonstatic(utility::options::OptionCollection const&, std::__1::basic_string<char, std::__1::char_traits<char>, std::__1::allocator<char> > const&, utility::vector1<std::__1::basic_string<char, std::__1::char_traits<char>, std::__1::allocator<char> >, std::__1::allocator<std::__1::basic_string<char, std::__1::char_traits<char>, std::__1::allocator<char> > > > const&) + 667
10  libcore.3.dylib                     0x000000010d83289d core::scoring::get_score_function(utility::options::OptionCollection const&, bool) + 2045
11  libcore.3.dylib                     0x000000010d832087 core::scoring::get_score_function(bool) + 23
12  libprotocols.4.dylib                0x000000010814eba8 protocols::relax::generate_relax_from_cmd(utility::options::OptionCollection const&, bool) + 40
13  libprotocols.4.dylib                0x000000010814eb67 protocols::relax::generate_relax_from_cmd(bool) + 23
14  libprotocols.4.dylib                0x000000010813bc72 protocols::relax::Relax_main(bool) + 34
15  relax.default.macosclangrelease     0x0000000102256bc0 main + 96
16  dyld                                0x0000000106beb52e start + 462

[END_BACKTRACE]

[FILE]: src/core/scoring/ScoreFunction.cc
[LINE]: 3516
[START_MESSAGE]
[ ERROR ] UtilityExitException
ERROR: Unable to open weights/patch file. None of (./)ref2015 or (./)ref2015.wts or /Users/jwu1421/College/scoring/weights/ref2015 or /Users/jwu1421/College/scoring/weights/ref2015.wts exist



[END_MESSAGE]
[END_CRASH_REPORT]

##############################################################################################################
#
# Rosetta crash log. Please submit the contents of this file to http://crash.rosettacommons.org/
# or use the script Rosetta/main/source/scripts/python/public/report_crashes.py
#

[START_CRASH_REPORT]
[ROSETTA_VERSION]: 0.0.dev0
[COMMIT_DATE]: 2025-11-04T10:02:46
[APPLICATION]: /Users/jwu1421/College Stuff/rosetta/source/bin/relax.default.macosclangrelease
[MODE]: Release
[EXTRAS]: default
[OS]: Apple Mac OS X
[COMPILER]: Clang version "14.0.0 (clang-1400.0.29.202)"
[STDLIB]: libc++ version 13000
[START_OPTIONS]
 -in:path:database="/Users/jwu1421/College/ Stuff/rosetta/database/" -in:file:s=./outputs/scripts/5J0K_A.pdb -in:file:native=/Users/jwu1421/College/ Stuff/rosetta/source/lab_7/inputs/5J0K_A.pdb -out:nstruct=3 -out:prefix=r_ -out:file:scorefile=score.sc -out:file:silent=relaxed_structures.silent -relax:default_repeats=1 -relax:constrain_relax_to_start_coords

[END_OPTIONS]

[START_BACKTRACE]: RAW_LIBC
0   libutility.dylib                    0x00000001117eb9ce backtrace_string(int) + 78
1   libutility.dylib                    0x000000011180c86e utility::excn::Exception::Exception(char const*, int, std::__1::basic_string<char, std::__1::char_traits<char>, std::__1::allocator<char> > const&) + 190
2   libutility.dylib                    0x00000001117ef69c utility::UtilityExitException::UtilityExitException(char const*, int, std::__1::basic_string<char, std::__1::char_traits<char>, std::__1::allocator<char> > const&) + 108
3   libutility.dylib                    0x00000001117ef5d7 utility::exit(char const*, int, std::__1::basic_string<char, std::__1::char_traits<char>, std::__1::allocator<char> > const&, int) + 55
4   libcore.3.dylib                     0x0000000112e54b98 core::scoring::find_weights_file(std::__1::basic_string<char, std::__1::char_traits<char>, std::__1::allocator<char> > const&, std::__1::basic_string<char, std::__1::char_traits<char>, std::__1::allocator<char> > const&) + 1768
5   libcore.3.dylib                     0x0000000112e53038 core::scoring::ScoreFunction::add_weights_from_file(std::__1::basic_string<char, std::__1::char_traits<char>, std::__1::allocator<char> > const&) + 40
6   libcore.3.dylib                     0x0000000112e70d68 core::scoring::ScoreFunctionFactory::load_score_function_from_disk(utility::options::OptionCollection const&, std::__1::basic_string<char, std::__1::char_traits<char>, std::__1::allocator<char> > const&, utility::vector1<std::__1::basic_string<char, std::__1::char_traits<char>, std::__1::allocator<char> >, std::__1::allocator<std::__1::basic_string<char, std::__1::char_traits<char>, std::__1::allocator<char> > > > const&) + 1512
7   libcore.3.dylib                     0x0000000112e7675b std::__1::__function::__func<std::__1::__bind<std::__1::shared_ptr<core::scoring::SplitUnfoldedTwoBodyPotential> (*)(std::__1::basic_string<char, std::__1::char_traits<char>, std::__1::allocator<char> > const&, std::__1::basic_string<char, std::__1::char_traits<char>, std::__1::allocator<char> > const&, std::__1::basic_string<char, std::__1::char_traits<char>, std::__1::allocator<char> > const&), std::__1::reference_wrapper<std::__1::basic_string<char, std::__1::char_traits<char>, std::__1::allocator<char> > const>, std::__1::reference_wrapper<std::__1::basic_string<char, std::__1::char_traits<char>, std::__1::allocator<char> > const>, std::__1::reference_wrapper<std::__1::basic_string<char, std::__1::char_traits<char>, std::__1::allocator<char> > const> >, std::__1::allocator<std::__1::__bind<std::__1::shared_ptr<core::scoring::SplitUnfoldedTwoBodyPotential> (*)(std::__1::basic_string<char, std::__1::char_traits<char>, std::__1::allocator<char> > const&, std::__1::basic_string<char, std::__1::char_traits<char>, std::__1::allocator<char> > const&, std::__1::basic_string<char, std::__1::char_traits<char>, std::__1::allocator<char> > const&), std::__1::reference_wrapper<std::__1::basic_string<char, std::__1::char_traits<char>, std::__1::allocator<char> > const>, std::__1::reference_wrapper<std::__1::basic_string<char, std::__1::char_traits<char>, std::__1::allocator<char> > const>, std::__1::reference_wrapper<std::__1::basic_string<char, std::__1::char_traits<char>, std::__1::allocator<char> > const> > >, std::__1::shared_ptr<core::scoring::SplitUnfoldedTwoBodyPotential> ()>::operator()() + 27
8   libcore.3.dylib                     0x0000000112e71546 std::__1::shared_ptr<core::scoring::ScoreFunction> utility::thread::safely_check_map_for_key_and_insert_if_absent<core::scoring::ScoreFunction, core::scoring::ScoreFunctionKey>(std::__1::function<std::__1::shared_ptr<core::scoring::ScoreFunction> ()>, bool, core::scoring::ScoreFunctionKey const&, std::__1::map<core::scoring::ScoreFunctionKey, std::__1::shared_ptr<core::scoring::ScoreFunction>, std::__1::less<core::scoring::ScoreFunctionKey>, std::__1::allocator<std::__1::pair<core::scoring::ScoreFunctionKey const, std::__1::shared_ptr<core::scoring::ScoreFunction> > > >&) + 150
9   libcore.3.dylib                     0x0000000112e6efbb core::scoring::ScoreFunctionFactory::create_score_function_nonstatic(utility::options::OptionCollection const&, std::__1::basic_string<char, std::__1::char_traits<char>, std::__1::allocator<char> > const&, utility::vector1<std::__1::basic_string<char, std::__1::char_traits<char>, std::__1::allocator<char> >, std::__1::allocator<std::__1::basic_string<char, std::__1::char_traits<char>, std::__1::allocator<char> > > > const&) + 667
10  libcore.3.dylib                     0x0000000112e7389d core::scoring::get_score_function(utility::options::OptionCollection const&, bool) + 2045
11  libcore.3.dylib                     0x0000000112e73087 core::scoring::get_score_function(bool) + 23
12  libprotocols.4.dylib                0x000000010d78fba8 protocols::relax::generate_relax_from_cmd(utility::options::OptionCollection const&, bool) + 40
13  libprotocols.4.dylib                0x000000010d78fb67 protocols::relax::generate_relax_from_cmd(bool) + 23
14  libprotocols.4.dylib                0x000000010d77cc72 protocols::relax::Relax_main(bool) + 34
15  relax.default.macosclangrelease     0x0000000107a03bc0 main + 96
16  dyld                                0x000000010802952e start + 462

[END_BACKTRACE]

[FILE]: src/core/scoring/ScoreFunction.cc
[LINE]: 3516
[START_MESSAGE]
[ ERROR ] UtilityExitException
ERROR: Unable to open weights/patch file. None of (./)ref2015 or (./)ref2015.wts or /Users/jwu1421/College/ Stuff/rosetta/database/scoring/weights/ref2015 or /Users/jwu1421/College/ Stuff/rosetta/database/scoring/weights/ref2015.wts exist



[END_MESSAGE]
[END_CRASH_REPORT]

