##############################################################################################################
#
# Rosetta crash log. Please submit the contents of this file to http://crash.rosettacommons.org/
# or use the script Rosetta/main/source/scripts/python/public/report_crashes.py
#

[START_CRASH_REPORT]
[ROSETTA_VERSION]: 0.0.dev0
[COMMIT_DATE]: 2025-11-04T10:02:46
[APPLICATION]: UNKNOWN APPLICATION
[MODE]: Release
[EXTRAS]: default
[OS]: Apple Mac OS X
[COMPILER]: Clang version "14.0.0 (clang-1400.0.29.202)"
[STDLIB]: libc++ version 13000
[START_OPTIONS]
NO OPTIONS SPECIFIED

[END_OPTIONS]

[START_BACKTRACE]: RAW_LIBC
0   libutility.dylib                    0x00000001123fd9ce backtrace_string(int) + 78
1   libutility.dylib                    0x000000011241e86e utility::excn::Exception::Exception(char const*, int, std::__1::basic_string<char, std::__1::char_traits<char>, std::__1::allocator<char> > const&) + 190
2   libutility.dylib                    0x00000001124de4d2 utility::options::OptionCollection::load_options_from_file_exception(std::__1::basic_string<char, std::__1::char_traits<char>, std::__1::allocator<char> > const&, std::__1::basic_string<char, std::__1::char_traits<char>, std::__1::allocator<char> > const&) + 514
3   libutility.dylib                    0x00000001124d80a4 utility::options::OptionCollection::load(std::__1::basic_string<char, std::__1::char_traits<char>, std::__1::allocator<char> >, std::__1::list<std::__1::basic_string<char, std::__1::char_traits<char>, std::__1::allocator<char> >, std::__1::allocator<std::__1::basic_string<char, std::__1::char_traits<char>, std::__1::allocator<char> > > >&, bool) + 532
4   libutility.dylib                    0x00000001124d90ec utility::options::OptionCollection::load(int, char* const*, bool) + 556
5   libcore.6.dylib                     0x000000010d8e2204 core::init::init(int, char**) + 52
6   relax.default.macosclangrelease     0x000000010894dbb9 main + 89
7   dyld                                0x000000011675352e start + 462

[END_BACKTRACE]

[FILE]: src/utility/options/OptionCollection.cc
[LINE]: 572
[START_MESSAGE]
Option file open failed for: '/Users/jwu1421/College Stuff/rosetta/source/lab_7/inputs/relax_inputs.flag'

[END_MESSAGE]
[END_CRASH_REPORT]

##############################################################################################################
#
# Rosetta crash log. Please submit the contents of this file to http://crash.rosettacommons.org/
# or use the script Rosetta/main/source/scripts/python/public/report_crashes.py
#

[START_CRASH_REPORT]
[ROSETTA_VERSION]: 0.0.dev0
[COMMIT_DATE]: 2025-11-04T10:02:46
[APPLICATION]: UNKNOWN APPLICATION
[MODE]: Release
[EXTRAS]: default
[OS]: Apple Mac OS X
[COMPILER]: Clang version "14.0.0 (clang-1400.0.29.202)"
[STDLIB]: libc++ version 13000
[START_OPTIONS]
NO OPTIONS SPECIFIED

[END_OPTIONS]

[START_BACKTRACE]: RAW_LIBC
0   libutility.dylib                    0x00000001113999ce backtrace_string(int) + 78
1   libutility.dylib                    0x00000001113ba86e utility::excn::Exception::Exception(char const*, int, std::__1::basic_string<char, std::__1::char_traits<char>, std::__1::allocator<char> > const&) + 190
2   libutility.dylib                    0x000000011147a4d2 utility::options::OptionCollection::load_options_from_file_exception(std::__1::basic_string<char, std::__1::char_traits<char>, std::__1::allocator<char> > const&, std::__1::basic_string<char, std::__1::char_traits<char>, std::__1::allocator<char> > const&) + 514
3   libutility.dylib                    0x00000001114740a4 utility::options::OptionCollection::load(std::__1::basic_string<char, std::__1::char_traits<char>, std::__1::allocator<char> >, std::__1::list<std::__1::basic_string<char, std::__1::char_traits<char>, std::__1::allocator<char> >, std::__1::allocator<std::__1::basic_string<char, std::__1::char_traits<char>, std::__1::allocator<char> > > >&, bool) + 532
4   libutility.dylib                    0x00000001114750ec utility::options::OptionCollection::load(int, char* const*, bool) + 556
5   libcore.6.dylib                     0x000000010c87e204 core::init::init(int, char**) + 52
6   relax.default.macosclangrelease     0x00000001078e9bb9 main + 89
7   dyld                                0x0000000112cb452e start + 462

[END_BACKTRACE]

[FILE]: src/utility/options/OptionCollection.cc
[LINE]: 572
[START_MESSAGE]
Option file open failed for: '/Users/jwu1421/relax_inputs.flag'

[END_MESSAGE]
[END_CRASH_REPORT]

##############################################################################################################
#
# Rosetta crash log. Please submit the contents of this file to http://crash.rosettacommons.org/
# or use the script Rosetta/main/source/scripts/python/public/report_crashes.py
#

[START_CRASH_REPORT]
[ROSETTA_VERSION]: 0.0.dev0
[COMMIT_DATE]: 2025-11-04T10:02:46
[APPLICATION]: UNKNOWN APPLICATION
[MODE]: Release
[EXTRAS]: default
[OS]: Apple Mac OS X
[COMPILER]: Clang version "14.0.0 (clang-1400.0.29.202)"
[STDLIB]: libc++ version 13000
[START_OPTIONS]
NO OPTIONS SPECIFIED

[END_OPTIONS]

[START_BACKTRACE]: RAW_LIBC
0   libutility.dylib                    0x0000000116ee09ce backtrace_string(int) + 78
1   libutility.dylib                    0x0000000116f0186e utility::excn::Exception::Exception(char const*, int, std::__1::basic_string<char, std::__1::char_traits<char>, std::__1::allocator<char> > const&) + 190
2   libutility.dylib                    0x0000000116fc14d2 utility::options::OptionCollection::load_options_from_file_exception(std::__1::basic_string<char, std::__1::char_traits<char>, std::__1::allocator<char> > const&, std::__1::basic_string<char, std::__1::char_traits<char>, std::__1::allocator<char> > const&) + 514
3   libutility.dylib                    0x0000000116fbb0a4 utility::options::OptionCollection::load(std::__1::basic_string<char, std::__1::char_traits<char>, std::__1::allocator<char> >, std::__1::list<std::__1::basic_string<char, std::__1::char_traits<char>, std::__1::allocator<char> >, std::__1::allocator<std::__1::basic_string<char, std::__1::char_traits<char>, std::__1::allocator<char> > > >&, bool) + 532
4   libutility.dylib                    0x0000000116fbc0ec utility::options::OptionCollection::load(int, char* const*, bool) + 556
5   libcore.6.dylib                     0x00000001123c5204 core::init::init(int, char**) + 52
6   relax.default.macosclangrelease     0x000000010d430bb9 main + 89
7   dyld                                0x000000011b3e952e start + 462

[END_BACKTRACE]

[FILE]: src/utility/options/OptionCollection.cc
[LINE]: 572
[START_MESSAGE]
Option file open failed for: '/Users/jwu1421/relax_inputs.flags'

[END_MESSAGE]
[END_CRASH_REPORT]

##############################################################################################################
#
# Rosetta crash log. Please submit the contents of this file to http://crash.rosettacommons.org/
# or use the script Rosetta/main/source/scripts/python/public/report_crashes.py
#

[START_CRASH_REPORT]
[ROSETTA_VERSION]: 0.0.dev0
[COMMIT_DATE]: 2025-11-04T10:02:46
[APPLICATION]: UNKNOWN APPLICATION
[MODE]: Release
[EXTRAS]: default
[OS]: Apple Mac OS X
[COMPILER]: Clang version "14.0.0 (clang-1400.0.29.202)"
[STDLIB]: libc++ version 13000
[START_OPTIONS]
NO OPTIONS SPECIFIED

[END_OPTIONS]

[START_BACKTRACE]: RAW_LIBC
0   libutility.dylib                    0x000000010e8b59ce backtrace_string(int) + 78
1   libutility.dylib                    0x000000010e8d686e utility::excn::Exception::Exception(char const*, int, std::__1::basic_string<char, std::__1::char_traits<char>, std::__1::allocator<char> > const&) + 190
2   libutility.dylib                    0x000000010e9964d2 utility::options::OptionCollection::load_options_from_file_exception(std::__1::basic_string<char, std::__1::char_traits<char>, std::__1::allocator<char> > const&, std::__1::basic_string<char, std::__1::char_traits<char>, std::__1::allocator<char> > const&) + 514
3   libutility.dylib                    0x000000010e9900a4 utility::options::OptionCollection::load(std::__1::basic_string<char, std::__1::char_traits<char>, std::__1::allocator<char> >, std::__1::list<std::__1::basic_string<char, std::__1::char_traits<char>, std::__1::allocator<char> >, std::__1::allocator<std::__1::basic_string<char, std::__1::char_traits<char>, std::__1::allocator<char> > > >&, bool) + 532
4   libutility.dylib                    0x000000010e9910ec utility::options::OptionCollection::load(int, char* const*, bool) + 556
5   libcore.6.dylib                     0x0000000109d9a204 core::init::init(int, char**) + 52
6   relax.default.macosclangrelease     0x0000000104d78bb9 main + 89
7   dyld                                0x0000000105be052e start + 462

[END_BACKTRACE]

[FILE]: src/utility/options/OptionCollection.cc
[LINE]: 572
[START_MESSAGE]
Option file open failed for: '/Users/jwu1421/relax_inputs.flags'

[END_MESSAGE]
[END_CRASH_REPORT]

##############################################################################################################
#
# Rosetta crash log. Please submit the contents of this file to http://crash.rosettacommons.org/
# or use the script Rosetta/main/source/scripts/python/public/report_crashes.py
#

[START_CRASH_REPORT]
[ROSETTA_VERSION]: 0.0.dev0
[COMMIT_DATE]: 2025-11-04T10:02:46
[APPLICATION]: /Users/jwu1421/College Stuff/rosetta/source/bin/relax.default.macosclangrelease
[MODE]: Release
[EXTRAS]: default
[OS]: Apple Mac OS X
[COMPILER]: Clang version "14.0.0 (clang-1400.0.29.202)"
[STDLIB]: libc++ version 13000
[START_OPTIONS]
 -in:path:database=../../../database/ -in:file:s=./outputs/scripts/5J0K_A.pdb -in:file:native=../inputs/5J0K_A.pdb -out:nstruct=3 -out:prefix=r_ -out:file:scorefile=score.sc -out:file:silent=relaxed_structures.silent -relax:default_repeats=1 -relax:constrain_relax_to_start_coords

[END_OPTIONS]

[START_BACKTRACE]: RAW_LIBC
0   libutility.dylib                    0x00000001121fd9ce backtrace_string(int) + 78
1   libutility.dylib                    0x000000011221e86e utility::excn::Exception::Exception(char const*, int, std::__1::basic_string<char, std::__1::char_traits<char>, std::__1::allocator<char> > const&) + 190
2   libutility.dylib                    0x000000011220169c utility::UtilityExitException::UtilityExitException(char const*, int, std::__1::basic_string<char, std::__1::char_traits<char>, std::__1::allocator<char> > const&) + 108
3   libutility.dylib                    0x00000001122015d7 utility::exit(char const*, int, std::__1::basic_string<char, std::__1::char_traits<char>, std::__1::allocator<char> > const&, int) + 55
4   libcore.3.dylib                     0x0000000113866b98 core::scoring::find_weights_file(std::__1::basic_string<char, std::__1::char_traits<char>, std::__1::allocator<char> > const&, std::__1::basic_string<char, std::__1::char_traits<char>, std::__1::allocator<char> > const&) + 1768
5   libcore.3.dylib                     0x0000000113865038 core::scoring::ScoreFunction::add_weights_from_file(std::__1::basic_string<char, std::__1::char_traits<char>, std::__1::allocator<char> > const&) + 40
6   libcore.3.dylib                     0x0000000113882d68 core::scoring::ScoreFunctionFactory::load_score_function_from_disk(utility::options::OptionCollection const&, std::__1::basic_string<char, std::__1::char_traits<char>, std::__1::allocator<char> > const&, utility::vector1<std::__1::basic_string<char, std::__1::char_traits<char>, std::__1::allocator<char> >, std::__1::allocator<std::__1::basic_string<char, std::__1::char_traits<char>, std::__1::allocator<char> > > > const&) + 1512
7   libcore.3.dylib                     0x000000011388875b std::__1::__function::__func<std::__1::__bind<std::__1::shared_ptr<core::scoring::SplitUnfoldedTwoBodyPotential> (*)(std::__1::basic_string<char, std::__1::char_traits<char>, std::__1::allocator<char> > const&, std::__1::basic_string<char, std::__1::char_traits<char>, std::__1::allocator<char> > const&, std::__1::basic_string<char, std::__1::char_traits<char>, std::__1::allocator<char> > const&), std::__1::reference_wrapper<std::__1::basic_string<char, std::__1::char_traits<char>, std::__1::allocator<char> > const>, std::__1::reference_wrapper<std::__1::basic_string<char, std::__1::char_traits<char>, std::__1::allocator<char> > const>, std::__1::reference_wrapper<std::__1::basic_string<char, std::__1::char_traits<char>, std::__1::allocator<char> > const> >, std::__1::allocator<std::__1::__bind<std::__1::shared_ptr<core::scoring::SplitUnfoldedTwoBodyPotential> (*)(std::__1::basic_string<char, std::__1::char_traits<char>, std::__1::allocator<char> > const&, std::__1::basic_string<char, std::__1::char_traits<char>, std::__1::allocator<char> > const&, std::__1::basic_string<char, std::__1::char_traits<char>, std::__1::allocator<char> > const&), std::__1::reference_wrapper<std::__1::basic_string<char, std::__1::char_traits<char>, std::__1::allocator<char> > const>, std::__1::reference_wrapper<std::__1::basic_string<char, std::__1::char_traits<char>, std::__1::allocator<char> > const>, std::__1::reference_wrapper<std::__1::basic_string<char, std::__1::char_traits<char>, std::__1::allocator<char> > const> > >, std::__1::shared_ptr<core::scoring::SplitUnfoldedTwoBodyPotential> ()>::operator()() + 27
8   libcore.3.dylib                     0x0000000113883546 std::__1::shared_ptr<core::scoring::ScoreFunction> utility::thread::safely_check_map_for_key_and_insert_if_absent<core::scoring::ScoreFunction, core::scoring::ScoreFunctionKey>(std::__1::function<std::__1::shared_ptr<core::scoring::ScoreFunction> ()>, bool, core::scoring::ScoreFunctionKey const&, std::__1::map<core::scoring::ScoreFunctionKey, std::__1::shared_ptr<core::scoring::ScoreFunction>, std::__1::less<core::scoring::ScoreFunctionKey>, std::__1::allocator<std::__1::pair<core::scoring::ScoreFunctionKey const, std::__1::shared_ptr<core::scoring::ScoreFunction> > > >&) + 150
9   libcore.3.dylib                     0x0000000113880fbb core::scoring::ScoreFunctionFactory::create_score_function_nonstatic(utility::options::OptionCollection const&, std::__1::basic_string<char, std::__1::char_traits<char>, std::__1::allocator<char> > const&, utility::vector1<std::__1::basic_string<char, std::__1::char_traits<char>, std::__1::allocator<char> >, std::__1::allocator<std::__1::basic_string<char, std::__1::char_traits<char>, std::__1::allocator<char> > > > const&) + 667
10  libcore.3.dylib                     0x000000011388589d core::scoring::get_score_function(utility::options::OptionCollection const&, bool) + 2045
11  libcore.3.dylib                     0x0000000113885087 core::scoring::get_score_function(bool) + 23
12  libprotocols.4.dylib                0x000000010e1a1ba8 protocols::relax::generate_relax_from_cmd(utility::options::OptionCollection const&, bool) + 40
13  libprotocols.4.dylib                0x000000010e1a1b67 protocols::relax::generate_relax_from_cmd(bool) + 23
14  libprotocols.4.dylib                0x000000010e18ec72 protocols::relax::Relax_main(bool) + 34
15  relax.default.macosclangrelease     0x0000000108551bc0 main + 96
16  dyld                                0x000000010b12d52e start + 462

[END_BACKTRACE]

[FILE]: src/core/scoring/ScoreFunction.cc
[LINE]: 3516
[START_MESSAGE]
[ ERROR ] UtilityExitException
ERROR: Unable to open weights/patch file. None of (./)ref2015 or (./)ref2015.wts or ../../../database/scoring/weights/ref2015 or ../../../database/scoring/weights/ref2015.wts exist



[END_MESSAGE]
[END_CRASH_REPORT]

##############################################################################################################
#
# Rosetta crash log. Please submit the contents of this file to http://crash.rosettacommons.org/
# or use the script Rosetta/main/source/scripts/python/public/report_crashes.py
#

[START_CRASH_REPORT]
[ROSETTA_VERSION]: 0.0.dev0
[COMMIT_DATE]: 2025-11-04T10:02:46
[APPLICATION]: UNKNOWN APPLICATION
[MODE]: Release
[EXTRAS]: default
[OS]: Apple Mac OS X
[COMPILER]: Clang version "14.0.0 (clang-1400.0.29.202)"
[STDLIB]: libc++ version 13000
[START_OPTIONS]
NO OPTIONS SPECIFIED

[END_OPTIONS]

[START_BACKTRACE]: RAW_LIBC
0   libutility.dylib                    0x0000000109c749ce backtrace_string(int) + 78
1   libutility.dylib                    0x0000000109c9586e utility::excn::Exception::Exception(char const*, int, std::__1::basic_string<char, std::__1::char_traits<char>, std::__1::allocator<char> > const&) + 190
2   libutility.dylib                    0x0000000109d611f6 utility::options::OptionCollection::set_option_value_file(std::__1::basic_string<char, std::__1::char_traits<char>, std::__1::allocator<char> > const&, std::__1::list<std::__1::basic_string<char, std::__1::char_traits<char>, std::__1::allocator<char> >, std::__1::allocator<std::__1::basic_string<char, std::__1::char_traits<char>, std::__1::allocator<char> > > >&) + 1206
3   libutility.dylib                    0x0000000109d54d67 utility::options::OptionCollection::load_option_file(std::__1::basic_string<char, std::__1::char_traits<char>, std::__1::allocator<char> > const&, std::__1::list<std::__1::basic_string<char, std::__1::char_traits<char>, std::__1::allocator<char> >, std::__1::allocator<std::__1::basic_string<char, std::__1::char_traits<char>, std::__1::allocator<char> > > >&, std::__1::basic_string<char, std::__1::char_traits<char>, std::__1::allocator<char> >&, bool) + 823
4   libutility.dylib                    0x0000000109d53b8c utility::options::OptionCollection::load_options_from_stream(std::__1::basic_istream<char, std::__1::char_traits<char> >&, std::__1::basic_string<char, std::__1::char_traits<char>, std::__1::allocator<char> > const&, std::__1::basic_string<char, std::__1::char_traits<char>, std::__1::allocator<char> > const&, bool) + 2908
5   libutility.dylib                    0x0000000109d55411 utility::options::OptionCollection::load_options_from_file_exception(std::__1::basic_string<char, std::__1::char_traits<char>, std::__1::allocator<char> > const&, std::__1::basic_string<char, std::__1::char_traits<char>, std::__1::allocator<char> > const&) + 321
6   libutility.dylib                    0x0000000109d4f0a4 utility::options::OptionCollection::load(std::__1::basic_string<char, std::__1::char_traits<char>, std::__1::allocator<char> >, std::__1::list<std::__1::basic_string<char, std::__1::char_traits<char>, std::__1::allocator<char> >, std::__1::allocator<std::__1::basic_string<char, std::__1::char_traits<char>, std::__1::allocator<char> > > >&, bool) + 532
7   libutility.dylib                    0x0000000109d500ec utility::options::OptionCollection::load(int, char* const*, bool) + 556
8   libcore.6.dylib                     0x0000000105159204 core::init::init(int, char**) + 52
9   relax.default.macosclangrelease     0x0000000100099bb9 main + 89
10  dyld                                0x000000010215952e start + 462

[END_BACKTRACE]

[FILE]: src/utility/options/OptionCollection.cc
[LINE]: 1245
[START_MESSAGE]
 Multiple values specified for option -in:file:native

[END_MESSAGE]
[END_CRASH_REPORT]

##############################################################################################################
#
# Rosetta crash log. Please submit the contents of this file to http://crash.rosettacommons.org/
# or use the script Rosetta/main/source/scripts/python/public/report_crashes.py
#

[START_CRASH_REPORT]
[ROSETTA_VERSION]: 0.0.dev0
[COMMIT_DATE]: 2025-11-04T10:02:46
[APPLICATION]: /Users/jwu1421/College Stuff/rosetta/source/bin/relax.default.macosclangrelease
[MODE]: Release
[EXTRAS]: default
[OS]: Apple Mac OS X
[COMPILER]: Clang version "14.0.0 (clang-1400.0.29.202)"
[STDLIB]: libc++ version 13000
[START_OPTIONS]
 -in:path:database=/Users/jwu1421/College/ Stuff/rosetta/database/ -in:file:s=./outputs/scripts/5J0K_A.pdb -in:file:native=/Users/jwu1421/College/ Stuff/rosetta/source/lab_7/inputs/5J0K_A.pdb -out:nstruct=3 -out:prefix=r_ -out:file:scorefile=score.sc -out:file:silent=relaxed_structures.silent -relax:default_repeats=1 -relax:constrain_relax_to_start_coords

[END_OPTIONS]

[START_BACKTRACE]: RAW_LIBC
0   libutility.dylib                    0x000000010b4119ce backtrace_string(int) + 78
1   libutility.dylib                    0x000000010b43286e utility::excn::Exception::Exception(char const*, int, std::__1::basic_string<char, std::__1::char_traits<char>, std::__1::allocator<char> > const&) + 190
2   libutility.dylib                    0x000000010b41569c utility::UtilityExitException::UtilityExitException(char const*, int, std::__1::basic_string<char, std::__1::char_traits<char>, std::__1::allocator<char> > const&) + 108
3   libutility.dylib                    0x000000010b4155d7 utility::exit(char const*, int, std::__1::basic_string<char, std::__1::char_traits<char>, std::__1::allocator<char> > const&, int) + 55
4   libcore.3.dylib                     0x000000010ca7ab98 core::scoring::find_weights_file(std::__1::basic_string<char, std::__1::char_traits<char>, std::__1::allocator<char> > const&, std::__1::basic_string<char, std::__1::char_traits<char>, std::__1::allocator<char> > const&) + 1768
5   libcore.3.dylib                     0x000000010ca79038 core::scoring::ScoreFunction::add_weights_from_file(std::__1::basic_string<char, std::__1::char_traits<char>, std::__1::allocator<char> > const&) + 40
6   libcore.3.dylib                     0x000000010ca96d68 core::scoring::ScoreFunctionFactory::load_score_function_from_disk(utility::options::OptionCollection const&, std::__1::basic_string<char, std::__1::char_traits<char>, std::__1::allocator<char> > const&, utility::vector1<std::__1::basic_string<char, std::__1::char_traits<char>, std::__1::allocator<char> >, std::__1::allocator<std::__1::basic_string<char, std::__1::char_traits<char>, std::__1::allocator<char> > > > const&) + 1512
7   libcore.3.dylib                     0x000000010ca9c75b std::__1::__function::__func<std::__1::__bind<std::__1::shared_ptr<core::scoring::SplitUnfoldedTwoBodyPotential> (*)(std::__1::basic_string<char, std::__1::char_traits<char>, std::__1::allocator<char> > const&, std::__1::basic_string<char, std::__1::char_traits<char>, std::__1::allocator<char> > const&, std::__1::basic_string<char, std::__1::char_traits<char>, std::__1::allocator<char> > const&), std::__1::reference_wrapper<std::__1::basic_string<char, std::__1::char_traits<char>, std::__1::allocator<char> > const>, std::__1::reference_wrapper<std::__1::basic_string<char, std::__1::char_traits<char>, std::__1::allocator<char> > const>, std::__1::reference_wrapper<std::__1::basic_string<char, std::__1::char_traits<char>, std::__1::allocator<char> > const> >, std::__1::allocator<std::__1::__bind<std::__1::shared_ptr<core::scoring::SplitUnfoldedTwoBodyPotential> (*)(std::__1::basic_string<char, std::__1::char_traits<char>, std::__1::allocator<char> > const&, std::__1::basic_string<char, std::__1::char_traits<char>, std::__1::allocator<char> > const&, std::__1::basic_string<char, std::__1::char_traits<char>, std::__1::allocator<char> > const&), std::__1::reference_wrapper<std::__1::basic_string<char, std::__1::char_traits<char>, std::__1::allocator<char> > const>, std::__1::reference_wrapper<std::__1::basic_string<char, std::__1::char_traits<char>, std::__1::allocator<char> > const>, std::__1::reference_wrapper<std::__1::basic_string<char, std::__1::char_traits<char>, std::__1::allocator<char> > const> > >, std::__1::shared_ptr<core::scoring::SplitUnfoldedTwoBodyPotential> ()>::operator()() + 27
8   libcore.3.dylib                     0x000000010ca97546 std::__1::shared_ptr<core::scoring::ScoreFunction> utility::thread::safely_check_map_for_key_and_insert_if_absent<core::scoring::ScoreFunction, core::scoring::ScoreFunctionKey>(std::__1::function<std::__1::shared_ptr<core::scoring::ScoreFunction> ()>, bool, core::scoring::ScoreFunctionKey const&, std::__1::map<core::scoring::ScoreFunctionKey, std::__1::shared_ptr<core::scoring::ScoreFunction>, std::__1::less<core::scoring::ScoreFunctionKey>, std::__1::allocator<std::__1::pair<core::scoring::ScoreFunctionKey const, std::__1::shared_ptr<core::scoring::ScoreFunction> > > >&) + 150
9   libcore.3.dylib                     0x000000010ca94fbb core::scoring::ScoreFunctionFactory::create_score_function_nonstatic(utility::options::OptionCollection const&, std::__1::basic_string<char, std::__1::char_traits<char>, std::__1::allocator<char> > const&, utility::vector1<std::__1::basic_string<char, std::__1::char_traits<char>, std::__1::allocator<char> >, std::__1::allocator<std::__1::basic_string<char, std::__1::char_traits<char>, std::__1::allocator<char> > > > const&) + 667
10  libcore.3.dylib                     0x000000010ca9989d core::scoring::get_score_function(utility::options::OptionCollection const&, bool) + 2045
11  libcore.3.dylib                     0x000000010ca99087 core::scoring::get_score_function(bool) + 23
12  libprotocols.4.dylib                0x00000001073b5ba8 protocols::relax::generate_relax_from_cmd(utility::options::OptionCollection const&, bool) + 40
13  libprotocols.4.dylib                0x00000001073b5b67 protocols::relax::generate_relax_from_cmd(bool) + 23
14  libprotocols.4.dylib                0x00000001073a2c72 protocols::relax::Relax_main(bool) + 34
15  relax.default.macosclangrelease     0x00000001013e6bc0 main + 96
16  dyld                                0x0000000103c2152e start + 462

[END_BACKTRACE]

[FILE]: src/core/scoring/ScoreFunction.cc
[LINE]: 3516
[START_MESSAGE]
[ ERROR ] UtilityExitException
ERROR: Unable to open weights/patch file. None of (./)ref2015 or (./)ref2015.wts or /Users/jwu1421/College/scoring/weights/ref2015 or /Users/jwu1421/College/scoring/weights/ref2015.wts exist



[END_MESSAGE]
[END_CRASH_REPORT]

##############################################################################################################
#
# Rosetta crash log. Please submit the contents of this file to http://crash.rosettacommons.org/
# or use the script Rosetta/main/source/scripts/python/public/report_crashes.py
#

[START_CRASH_REPORT]
[ROSETTA_VERSION]: 0.0.dev0
[COMMIT_DATE]: 2025-11-04T10:02:46
[APPLICATION]: /Users/jwu1421/College Stuff/rosetta/source/bin/relax.default.macosclangrelease
[MODE]: Release
[EXTRAS]: default
[OS]: Apple Mac OS X
[COMPILER]: Clang version "14.0.0 (clang-1400.0.29.202)"
[STDLIB]: libc++ version 13000
[START_OPTIONS]
 -in:path:database="/Users/jwu1421/College/ Stuff/rosetta/database/" -in:file:s=./outputs/scripts/5J0K_A.pdb -in:file:native=/Users/jwu1421/College/ Stuff/rosetta/source/lab_7/inputs/5J0K_A.pdb -out:nstruct=3 -out:prefix=r_ -out:file:scorefile=score.sc -out:file:silent=relaxed_structures.silent -relax:default_repeats=1 -relax:constrain_relax_to_start_coords

[END_OPTIONS]

[START_BACKTRACE]: RAW_LIBC
0   libutility.dylib                    0x0000000118fd59ce backtrace_string(int) + 78
1   libutility.dylib                    0x0000000118ff686e utility::excn::Exception::Exception(char const*, int, std::__1::basic_string<char, std::__1::char_traits<char>, std::__1::allocator<char> > const&) + 190
2   libutility.dylib                    0x0000000118fd969c utility::UtilityExitException::UtilityExitException(char const*, int, std::__1::basic_string<char, std::__1::char_traits<char>, std::__1::allocator<char> > const&) + 108
3   libutility.dylib                    0x0000000118fd95d7 utility::exit(char const*, int, std::__1::basic_string<char, std::__1::char_traits<char>, std::__1::allocator<char> > const&, int) + 55
4   libcore.3.dylib                     0x000000011a63eb98 core::scoring::find_weights_file(std::__1::basic_string<char, std::__1::char_traits<char>, std::__1::allocator<char> > const&, std::__1::basic_string<char, std::__1::char_traits<char>, std::__1::allocator<char> > const&) + 1768
5   libcore.3.dylib                     0x000000011a63d038 core::scoring::ScoreFunction::add_weights_from_file(std::__1::basic_string<char, std::__1::char_traits<char>, std::__1::allocator<char> > const&) + 40
6   libcore.3.dylib                     0x000000011a65ad68 core::scoring::ScoreFunctionFactory::load_score_function_from_disk(utility::options::OptionCollection const&, std::__1::basic_string<char, std::__1::char_traits<char>, std::__1::allocator<char> > const&, utility::vector1<std::__1::basic_string<char, std::__1::char_traits<char>, std::__1::allocator<char> >, std::__1::allocator<std::__1::basic_string<char, std::__1::char_traits<char>, std::__1::allocator<char> > > > const&) + 1512
7   libcore.3.dylib                     0x000000011a66075b std::__1::__function::__func<std::__1::__bind<std::__1::shared_ptr<core::scoring::SplitUnfoldedTwoBodyPotential> (*)(std::__1::basic_string<char, std::__1::char_traits<char>, std::__1::allocator<char> > const&, std::__1::basic_string<char, std::__1::char_traits<char>, std::__1::allocator<char> > const&, std::__1::basic_string<char, std::__1::char_traits<char>, std::__1::allocator<char> > const&), std::__1::reference_wrapper<std::__1::basic_string<char, std::__1::char_traits<char>, std::__1::allocator<char> > const>, std::__1::reference_wrapper<std::__1::basic_string<char, std::__1::char_traits<char>, std::__1::allocator<char> > const>, std::__1::reference_wrapper<std::__1::basic_string<char, std::__1::char_traits<char>, std::__1::allocator<char> > const> >, std::__1::allocator<std::__1::__bind<std::__1::shared_ptr<core::scoring::SplitUnfoldedTwoBodyPotential> (*)(std::__1::basic_string<char, std::__1::char_traits<char>, std::__1::allocator<char> > const&, std::__1::basic_string<char, std::__1::char_traits<char>, std::__1::allocator<char> > const&, std::__1::basic_string<char, std::__1::char_traits<char>, std::__1::allocator<char> > const&), std::__1::reference_wrapper<std::__1::basic_string<char, std::__1::char_traits<char>, std::__1::allocator<char> > const>, std::__1::reference_wrapper<std::__1::basic_string<char, std::__1::char_traits<char>, std::__1::allocator<char> > const>, std::__1::reference_wrapper<std::__1::basic_string<char, std::__1::char_traits<char>, std::__1::allocator<char> > const> > >, std::__1::shared_ptr<core::scoring::SplitUnfoldedTwoBodyPotential> ()>::operator()() + 27
8   libcore.3.dylib                     0x000000011a65b546 std::__1::shared_ptr<core::scoring::ScoreFunction> utility::thread::safely_check_map_for_key_and_insert_if_absent<core::scoring::ScoreFunction, core::scoring::ScoreFunctionKey>(std::__1::function<std::__1::shared_ptr<core::scoring::ScoreFunction> ()>, bool, core::scoring::ScoreFunctionKey const&, std::__1::map<core::scoring::ScoreFunctionKey, std::__1::shared_ptr<core::scoring::ScoreFunction>, std::__1::less<core::scoring::ScoreFunctionKey>, std::__1::allocator<std::__1::pair<core::scoring::ScoreFunctionKey const, std::__1::shared_ptr<core::scoring::ScoreFunction> > > >&) + 150
9   libcore.3.dylib                     0x000000011a658fbb core::scoring::ScoreFunctionFactory::create_score_function_nonstatic(utility::options::OptionCollection const&, std::__1::basic_string<char, std::__1::char_traits<char>, std::__1::allocator<char> > const&, utility::vector1<std::__1::basic_string<char, std::__1::char_traits<char>, std::__1::allocator<char> >, std::__1::allocator<std::__1::basic_string<char, std::__1::char_traits<char>, std::__1::allocator<char> > > > const&) + 667
10  libcore.3.dylib                     0x000000011a65d89d core::scoring::get_score_function(utility::options::OptionCollection const&, bool) + 2045
11  libcore.3.dylib                     0x000000011a65d087 core::scoring::get_score_function(bool) + 23
12  libprotocols.4.dylib                0x0000000114f79ba8 protocols::relax::generate_relax_from_cmd(utility::options::OptionCollection const&, bool) + 40
13  libprotocols.4.dylib                0x0000000114f79b67 protocols::relax::generate_relax_from_cmd(bool) + 23
14  libprotocols.4.dylib                0x0000000114f66c72 protocols::relax::Relax_main(bool) + 34
15  relax.default.macosclangrelease     0x000000010f525bc0 main + 96
16  dyld                                0x000000011eca552e start + 462

[END_BACKTRACE]

[FILE]: src/core/scoring/ScoreFunction.cc
[LINE]: 3516
[START_MESSAGE]
[ ERROR ] UtilityExitException
ERROR: Unable to open weights/patch file. None of (./)ref2015 or (./)ref2015.wts or /Users/jwu1421/College/ Stuff/rosetta/database/scoring/weights/ref2015 or /Users/jwu1421/College/ Stuff/rosetta/database/scoring/weights/ref2015.wts exist



[END_MESSAGE]
[END_CRASH_REPORT]

