##############################################################################################################
#
# Rosetta crash log. Please submit the contents of this file to http://crash.rosettacommons.org/
# or use the script Rosetta/main/source/scripts/python/public/report_crashes.py
#

[START_CRASH_REPORT]
[ROSETTA_VERSION]: 0.0.dev0
[COMMIT_DATE]: 2025-11-04T10:02:46
[APPLICATION]: UNKNOWN APPLICATION
[MODE]: Release
[EXTRAS]: default
[OS]: Apple Mac OS X
[COMPILER]: Clang version "14.0.0 (clang-1400.0.29.202)"
[STDLIB]: libc++ version 13000
[START_OPTIONS]
NO OPTIONS SPECIFIED

[END_OPTIONS]

[START_BACKTRACE]: RAW_LIBC
0   libutility.dylib                    0x00000001189fd9ce backtrace_string(int) + 78
1   libutility.dylib                    0x0000000118a1e86e utility::excn::Exception::Exception(char const*, int, std::__1::basic_string<char, std::__1::char_traits<char>, std::__1::allocator<char> > const&) + 190
2   libutility.dylib                    0x0000000118ade4d2 utility::options::OptionCollection::load_options_from_file_exception(std::__1::basic_string<char, std::__1::char_traits<char>, std::__1::allocator<char> > const&, std::__1::basic_string<char, std::__1::char_traits<char>, std::__1::allocator<char> > const&) + 514
3   libutility.dylib                    0x0000000118ad80a4 utility::options::OptionCollection::load(std::__1::basic_string<char, std::__1::char_traits<char>, std::__1::allocator<char> >, std::__1::list<std::__1::basic_string<char, std::__1::char_traits<char>, std::__1::allocator<char> >, std::__1::allocator<std::__1::basic_string<char, std::__1::char_traits<char>, std::__1::allocator<char> > > >&, bool) + 532
4   libutility.dylib                    0x0000000118ad90ec utility::options::OptionCollection::load(int, char* const*, bool) + 556
5   libcore.6.dylib                     0x0000000113ee2204 core::init::init(int, char**) + 52
6   relax.default.macosclangrelease     0x000000010ef4dbb9 main + 89
7   dyld                                0x000000011d5ce52e start + 462

[END_BACKTRACE]

[FILE]: src/utility/options/OptionCollection.cc
[LINE]: 572
[START_MESSAGE]
Option file open failed for: '/Users/jwu1421/College Stuff/rosetta/source/lab_7/inputs/relax_inputs.flag'

[END_MESSAGE]
[END_CRASH_REPORT]

##############################################################################################################
#
# Rosetta crash log. Please submit the contents of this file to http://crash.rosettacommons.org/
# or use the script Rosetta/main/source/scripts/python/public/report_crashes.py
#

[START_CRASH_REPORT]
[ROSETTA_VERSION]: 0.0.dev0
[COMMIT_DATE]: 2025-11-04T10:02:46
[APPLICATION]: UNKNOWN APPLICATION
[MODE]: Release
[EXTRAS]: default
[OS]: Apple Mac OS X
[COMPILER]: Clang version "14.0.0 (clang-1400.0.29.202)"
[STDLIB]: libc++ version 13000
[START_OPTIONS]
NO OPTIONS SPECIFIED

[END_OPTIONS]

[START_BACKTRACE]: RAW_LIBC
0   libutility.dylib                    0x000000011362d9ce backtrace_string(int) + 78
1   libutility.dylib                    0x000000011364e86e utility::excn::Exception::Exception(char const*, int, std::__1::basic_string<char, std::__1::char_traits<char>, std::__1::allocator<char> > const&) + 190
2   libutility.dylib                    0x000000011370e4d2 utility::options::OptionCollection::load_options_from_file_exception(std::__1::basic_string<char, std::__1::char_traits<char>, std::__1::allocator<char> > const&, std::__1::basic_string<char, std::__1::char_traits<char>, std::__1::allocator<char> > const&) + 514
3   libutility.dylib                    0x00000001137080a4 utility::options::OptionCollection::load(std::__1::basic_string<char, std::__1::char_traits<char>, std::__1::allocator<char> >, std::__1::list<std::__1::basic_string<char, std::__1::char_traits<char>, std::__1::allocator<char> >, std::__1::allocator<std::__1::basic_string<char, std::__1::char_traits<char>, std::__1::allocator<char> > > >&, bool) + 532
4   libutility.dylib                    0x00000001137090ec utility::options::OptionCollection::load(int, char* const*, bool) + 556
5   libcore.6.dylib                     0x000000010e790204 core::init::init(int, char**) + 52
6   relax.default.macosclangrelease     0x00000001097fbbb9 main + 89
7   dyld                                0x0000000112f4152e start + 462

[END_BACKTRACE]

[FILE]: src/utility/options/OptionCollection.cc
[LINE]: 572
[START_MESSAGE]
Option file open failed for: '/Users/jwu1421/relax_inputs.flag'

[END_MESSAGE]
[END_CRASH_REPORT]

##############################################################################################################
#
# Rosetta crash log. Please submit the contents of this file to http://crash.rosettacommons.org/
# or use the script Rosetta/main/source/scripts/python/public/report_crashes.py
#

[START_CRASH_REPORT]
[ROSETTA_VERSION]: 0.0.dev0
[COMMIT_DATE]: 2025-11-04T10:02:46
[APPLICATION]: UNKNOWN APPLICATION
[MODE]: Release
[EXTRAS]: default
[OS]: Apple Mac OS X
[COMPILER]: Clang version "14.0.0 (clang-1400.0.29.202)"
[STDLIB]: libc++ version 13000
[START_OPTIONS]
NO OPTIONS SPECIFIED

[END_OPTIONS]

[START_BACKTRACE]: RAW_LIBC
0   libutility.dylib                    0x00000001160be9ce backtrace_string(int) + 78
1   libutility.dylib                    0x00000001160df86e utility::excn::Exception::Exception(char const*, int, std::__1::basic_string<char, std::__1::char_traits<char>, std::__1::allocator<char> > const&) + 190
2   libutility.dylib                    0x000000011619f4d2 utility::options::OptionCollection::load_options_from_file_exception(std::__1::basic_string<char, std::__1::char_traits<char>, std::__1::allocator<char> > const&, std::__1::basic_string<char, std::__1::char_traits<char>, std::__1::allocator<char> > const&) + 514
3   libutility.dylib                    0x00000001161990a4 utility::options::OptionCollection::load(std::__1::basic_string<char, std::__1::char_traits<char>, std::__1::allocator<char> >, std::__1::list<std::__1::basic_string<char, std::__1::char_traits<char>, std::__1::allocator<char> >, std::__1::allocator<std::__1::basic_string<char, std::__1::char_traits<char>, std::__1::allocator<char> > > >&, bool) + 532
4   libutility.dylib                    0x000000011619a0ec utility::options::OptionCollection::load(int, char* const*, bool) + 556
5   libcore.6.dylib                     0x0000000111460204 core::init::init(int, char**) + 52
6   relax.default.macosclangrelease     0x000000010c4cbbb9 main + 89
7   dyld                                0x000000011505a52e start + 462

[END_BACKTRACE]

[FILE]: src/utility/options/OptionCollection.cc
[LINE]: 572
[START_MESSAGE]
Option file open failed for: '/Users/jwu1421/relax_inputs.flags'

[END_MESSAGE]
[END_CRASH_REPORT]

##############################################################################################################
#
# Rosetta crash log. Please submit the contents of this file to http://crash.rosettacommons.org/
# or use the script Rosetta/main/source/scripts/python/public/report_crashes.py
#

[START_CRASH_REPORT]
[ROSETTA_VERSION]: 0.0.dev0
[COMMIT_DATE]: 2025-11-04T10:02:46
[APPLICATION]: UNKNOWN APPLICATION
[MODE]: Release
[EXTRAS]: default
[OS]: Apple Mac OS X
[COMPILER]: Clang version "14.0.0 (clang-1400.0.29.202)"
[STDLIB]: libc++ version 13000
[START_OPTIONS]
NO OPTIONS SPECIFIED

[END_OPTIONS]

[START_BACKTRACE]: RAW_LIBC
0   libutility.dylib                    0x0000000110c639ce backtrace_string(int) + 78
1   libutility.dylib                    0x0000000110c8486e utility::excn::Exception::Exception(char const*, int, std::__1::basic_string<char, std::__1::char_traits<char>, std::__1::allocator<char> > const&) + 190
2   libutility.dylib                    0x0000000110d444d2 utility::options::OptionCollection::load_options_from_file_exception(std::__1::basic_string<char, std::__1::char_traits<char>, std::__1::allocator<char> > const&, std::__1::basic_string<char, std::__1::char_traits<char>, std::__1::allocator<char> > const&) + 514
3   libutility.dylib                    0x0000000110d3e0a4 utility::options::OptionCollection::load(std::__1::basic_string<char, std::__1::char_traits<char>, std::__1::allocator<char> >, std::__1::list<std::__1::basic_string<char, std::__1::char_traits<char>, std::__1::allocator<char> >, std::__1::allocator<std::__1::basic_string<char, std::__1::char_traits<char>, std::__1::allocator<char> > > >&, bool) + 532
4   libutility.dylib                    0x0000000110d3f0ec utility::options::OptionCollection::load(int, char* const*, bool) + 556
5   libcore.6.dylib                     0x000000010c148204 core::init::init(int, char**) + 52
6   relax.default.macosclangrelease     0x00000001071b3bb9 main + 89
7   dyld                                0x00000001124c852e start + 462

[END_BACKTRACE]

[FILE]: src/utility/options/OptionCollection.cc
[LINE]: 572
[START_MESSAGE]
Option file open failed for: '/Users/jwu1421/relax_inputs.flags'

[END_MESSAGE]
[END_CRASH_REPORT]

##############################################################################################################
#
# Rosetta crash log. Please submit the contents of this file to http://crash.rosettacommons.org/
# or use the script Rosetta/main/source/scripts/python/public/report_crashes.py
#

[START_CRASH_REPORT]
[ROSETTA_VERSION]: 0.0.dev0
[COMMIT_DATE]: 2025-11-04T10:02:46
[APPLICATION]: /Users/jwu1421/College Stuff/rosetta/source/bin/relax.default.macosclangrelease
[MODE]: Release
[EXTRAS]: default
[OS]: Apple Mac OS X
[COMPILER]: Clang version "14.0.0 (clang-1400.0.29.202)"
[STDLIB]: libc++ version 13000
[START_OPTIONS]
 -in:path:database=../../../database/ -in:file:s=./outputs/scripts/5J0K_A.pdb -in:file:native=../inputs/5J0K_A.pdb -out:nstruct=3 -out:prefix=r_ -out:file:scorefile=score.sc -out:file:silent=relaxed_structures.silent -relax:default_repeats=1 -relax:constrain_relax_to_start_coords

[END_OPTIONS]

[START_BACKTRACE]: RAW_LIBC
0   libutility.dylib                    0x00000001199d39ce backtrace_string(int) + 78
1   libutility.dylib                    0x00000001199f486e utility::excn::Exception::Exception(char const*, int, std::__1::basic_string<char, std::__1::char_traits<char>, std::__1::allocator<char> > const&) + 190
2   libutility.dylib                    0x00000001199d769c utility::UtilityExitException::UtilityExitException(char const*, int, std::__1::basic_string<char, std::__1::char_traits<char>, std::__1::allocator<char> > const&) + 108
3   libutility.dylib                    0x00000001199d75d7 utility::exit(char const*, int, std::__1::basic_string<char, std::__1::char_traits<char>, std::__1::allocator<char> > const&, int) + 55
4   libcore.3.dylib                     0x000000011b03cb98 core::scoring::find_weights_file(std::__1::basic_string<char, std::__1::char_traits<char>, std::__1::allocator<char> > const&, std::__1::basic_string<char, std::__1::char_traits<char>, std::__1::allocator<char> > const&) + 1768
5   libcore.3.dylib                     0x000000011b03b038 core::scoring::ScoreFunction::add_weights_from_file(std::__1::basic_string<char, std::__1::char_traits<char>, std::__1::allocator<char> > const&) + 40
6   libcore.3.dylib                     0x000000011b058d68 core::scoring::ScoreFunctionFactory::load_score_function_from_disk(utility::options::OptionCollection const&, std::__1::basic_string<char, std::__1::char_traits<char>, std::__1::allocator<char> > const&, utility::vector1<std::__1::basic_string<char, std::__1::char_traits<char>, std::__1::allocator<char> >, std::__1::allocator<std::__1::basic_string<char, std::__1::char_traits<char>, std::__1::allocator<char> > > > const&) + 1512
7   libcore.3.dylib                     0x000000011b05e75b std::__1::__function::__func<std::__1::__bind<std::__1::shared_ptr<core::scoring::SplitUnfoldedTwoBodyPotential> (*)(std::__1::basic_string<char, std::__1::char_traits<char>, std::__1::allocator<char> > const&, std::__1::basic_string<char, std::__1::char_traits<char>, std::__1::allocator<char> > const&, std::__1::basic_string<char, std::__1::char_traits<char>, std::__1::allocator<char> > const&), std::__1::reference_wrapper<std::__1::basic_string<char, std::__1::char_traits<char>, std::__1::allocator<char> > const>, std::__1::reference_wrapper<std::__1::basic_string<char, std::__1::char_traits<char>, std::__1::allocator<char> > const>, std::__1::reference_wrapper<std::__1::basic_string<char, std::__1::char_traits<char>, std::__1::allocator<char> > const> >, std::__1::allocator<std::__1::__bind<std::__1::shared_ptr<core::scoring::SplitUnfoldedTwoBodyPotential> (*)(std::__1::basic_string<char, std::__1::char_traits<char>, std::__1::allocator<char> > const&, std::__1::basic_string<char, std::__1::char_traits<char>, std::__1::allocator<char> > const&, std::__1::basic_string<char, std::__1::char_traits<char>, std::__1::allocator<char> > const&), std::__1::reference_wrapper<std::__1::basic_string<char, std::__1::char_traits<char>, std::__1::allocator<char> > const>, std::__1::reference_wrapper<std::__1::basic_string<char, std::__1::char_traits<char>, std::__1::allocator<char> > const>, std::__1::reference_wrapper<std::__1::basic_string<char, std::__1::char_traits<char>, std::__1::allocator<char> > const> > >, std::__1::shared_ptr<core::scoring::SplitUnfoldedTwoBodyPotential> ()>::operator()() + 27
8   libcore.3.dylib                     0x000000011b059546 std::__1::shared_ptr<core::scoring::ScoreFunction> utility::thread::safely_check_map_for_key_and_insert_if_absent<core::scoring::ScoreFunction, core::scoring::ScoreFunctionKey>(std::__1::function<std::__1::shared_ptr<core::scoring::ScoreFunction> ()>, bool, core::scoring::ScoreFunctionKey const&, std::__1::map<core::scoring::ScoreFunctionKey, std::__1::shared_ptr<core::scoring::ScoreFunction>, std::__1::less<core::scoring::ScoreFunctionKey>, std::__1::allocator<std::__1::pair<core::scoring::ScoreFunctionKey const, std::__1::shared_ptr<core::scoring::ScoreFunction> > > >&) + 150
9   libcore.3.dylib                     0x000000011b056fbb core::scoring::ScoreFunctionFactory::create_score_function_nonstatic(utility::options::OptionCollection const&, std::__1::basic_string<char, std::__1::char_traits<char>, std::__1::allocator<char> > const&, utility::vector1<std::__1::basic_string<char, std::__1::char_traits<char>, std::__1::allocator<char> >, std::__1::allocator<std::__1::basic_string<char, std::__1::char_traits<char>, std::__1::allocator<char> > > > const&) + 667
10  libcore.3.dylib                     0x000000011b05b89d core::scoring::get_score_function(utility::options::OptionCollection const&, bool) + 2045
11  libcore.3.dylib                     0x000000011b05b087 core::scoring::get_score_function(bool) + 23
12  libprotocols.4.dylib                0x0000000115977ba8 protocols::relax::generate_relax_from_cmd(utility::options::OptionCollection const&, bool) + 40
13  libprotocols.4.dylib                0x0000000115977b67 protocols::relax::generate_relax_from_cmd(bool) + 23
14  libprotocols.4.dylib                0x0000000115964c72 protocols::relax::Relax_main(bool) + 34
15  relax.default.macosclangrelease     0x000000010ff23bc0 main + 96
16  dyld                                0x000000011d7a452e start + 462

[END_BACKTRACE]

[FILE]: src/core/scoring/ScoreFunction.cc
[LINE]: 3516
[START_MESSAGE]
[ ERROR ] UtilityExitException
ERROR: Unable to open weights/patch file. None of (./)ref2015 or (./)ref2015.wts or ../../../database/scoring/weights/ref2015 or ../../../database/scoring/weights/ref2015.wts exist



[END_MESSAGE]
[END_CRASH_REPORT]

##############################################################################################################
#
# Rosetta crash log. Please submit the contents of this file to http://crash.rosettacommons.org/
# or use the script Rosetta/main/source/scripts/python/public/report_crashes.py
#

[START_CRASH_REPORT]
[ROSETTA_VERSION]: 0.0.dev0
[COMMIT_DATE]: 2025-11-04T10:02:46
[APPLICATION]: UNKNOWN APPLICATION
[MODE]: Release
[EXTRAS]: default
[OS]: Apple Mac OS X
[COMPILER]: Clang version "14.0.0 (clang-1400.0.29.202)"
[STDLIB]: libc++ version 13000
[START_OPTIONS]
NO OPTIONS SPECIFIED

[END_OPTIONS]

[START_BACKTRACE]: RAW_LIBC
0   libutility.dylib                    0x000000011879a9ce backtrace_string(int) + 78
1   libutility.dylib                    0x00000001187bb86e utility::excn::Exception::Exception(char const*, int, std::__1::basic_string<char, std::__1::char_traits<char>, std::__1::allocator<char> > const&) + 190
2   libutility.dylib                    0x00000001188871f6 utility::options::OptionCollection::set_option_value_file(std::__1::basic_string<char, std::__1::char_traits<char>, std::__1::allocator<char> > const&, std::__1::list<std::__1::basic_string<char, std::__1::char_traits<char>, std::__1::allocator<char> >, std::__1::allocator<std::__1::basic_string<char, std::__1::char_traits<char>, std::__1::allocator<char> > > >&) + 1206
3   libutility.dylib                    0x000000011887ad67 utility::options::OptionCollection::load_option_file(std::__1::basic_string<char, std::__1::char_traits<char>, std::__1::allocator<char> > const&, std::__1::list<std::__1::basic_string<char, std::__1::char_traits<char>, std::__1::allocator<char> >, std::__1::allocator<std::__1::basic_string<char, std::__1::char_traits<char>, std::__1::allocator<char> > > >&, std::__1::basic_string<char, std::__1::char_traits<char>, std::__1::allocator<char> >&, bool) + 823
4   libutility.dylib                    0x0000000118879b8c utility::options::OptionCollection::load_options_from_stream(std::__1::basic_istream<char, std::__1::char_traits<char> >&, std::__1::basic_string<char, std::__1::char_traits<char>, std::__1::allocator<char> > const&, std::__1::basic_string<char, std::__1::char_traits<char>, std::__1::allocator<char> > const&, bool) + 2908
5   libutility.dylib                    0x000000011887b411 utility::options::OptionCollection::load_options_from_file_exception(std::__1::basic_string<char, std::__1::char_traits<char>, std::__1::allocator<char> > const&, std::__1::basic_string<char, std::__1::char_traits<char>, std::__1::allocator<char> > const&) + 321
6   libutility.dylib                    0x00000001188750a4 utility::options::OptionCollection::load(std::__1::basic_string<char, std::__1::char_traits<char>, std::__1::allocator<char> >, std::__1::list<std::__1::basic_string<char, std::__1::char_traits<char>, std::__1::allocator<char> >, std::__1::allocator<std::__1::basic_string<char, std::__1::char_traits<char>, std::__1::allocator<char> > > >&, bool) + 532
7   libutility.dylib                    0x00000001188760ec utility::options::OptionCollection::load(int, char* const*, bool) + 556
8   libcore.6.dylib                     0x0000000113c7f204 core::init::init(int, char**) + 52
9   relax.default.macosclangrelease     0x000000010eceabb9 main + 89
10  dyld                                0x000000011da5252e start + 462

[END_BACKTRACE]

[FILE]: src/utility/options/OptionCollection.cc
[LINE]: 1245
[START_MESSAGE]
 Multiple values specified for option -in:file:native

[END_MESSAGE]
[END_CRASH_REPORT]

##############################################################################################################
#
# Rosetta crash log. Please submit the contents of this file to http://crash.rosettacommons.org/
# or use the script Rosetta/main/source/scripts/python/public/report_crashes.py
#

[START_CRASH_REPORT]
[ROSETTA_VERSION]: 0.0.dev0
[COMMIT_DATE]: 2025-11-04T10:02:46
[APPLICATION]: /Users/jwu1421/College Stuff/rosetta/source/bin/relax.default.macosclangrelease
[MODE]: Release
[EXTRAS]: default
[OS]: Apple Mac OS X
[COMPILER]: Clang version "14.0.0 (clang-1400.0.29.202)"
[STDLIB]: libc++ version 13000
[START_OPTIONS]
 -in:path:database=/Users/jwu1421/College/ Stuff/rosetta/database/ -in:file:s=./outputs/scripts/5J0K_A.pdb -in:file:native=/Users/jwu1421/College/ Stuff/rosetta/source/lab_7/inputs/5J0K_A.pdb -out:nstruct=3 -out:prefix=r_ -out:file:scorefile=score.sc -out:file:silent=relaxed_structures.silent -relax:default_repeats=1 -relax:constrain_relax_to_start_coords

[END_OPTIONS]

[START_BACKTRACE]: RAW_LIBC
0   libutility.dylib                    0x00000001157299ce backtrace_string(int) + 78
1   libutility.dylib                    0x000000011574a86e utility::excn::Exception::Exception(char const*, int, std::__1::basic_string<char, std::__1::char_traits<char>, std::__1::allocator<char> > const&) + 190
2   libutility.dylib                    0x000000011572d69c utility::UtilityExitException::UtilityExitException(char const*, int, std::__1::basic_string<char, std::__1::char_traits<char>, std::__1::allocator<char> > const&) + 108
3   libutility.dylib                    0x000000011572d5d7 utility::exit(char const*, int, std::__1::basic_string<char, std::__1::char_traits<char>, std::__1::allocator<char> > const&, int) + 55
4   libcore.3.dylib                     0x0000000119defb98 core::scoring::find_weights_file(std::__1::basic_string<char, std::__1::char_traits<char>, std::__1::allocator<char> > const&, std::__1::basic_string<char, std::__1::char_traits<char>, std::__1::allocator<char> > const&) + 1768
5   libcore.3.dylib                     0x0000000119dee038 core::scoring::ScoreFunction::add_weights_from_file(std::__1::basic_string<char, std::__1::char_traits<char>, std::__1::allocator<char> > const&) + 40
6   libcore.3.dylib                     0x0000000119e0bd68 core::scoring::ScoreFunctionFactory::load_score_function_from_disk(utility::options::OptionCollection const&, std::__1::basic_string<char, std::__1::char_traits<char>, std::__1::allocator<char> > const&, utility::vector1<std::__1::basic_string<char, std::__1::char_traits<char>, std::__1::allocator<char> >, std::__1::allocator<std::__1::basic_string<char, std::__1::char_traits<char>, std::__1::allocator<char> > > > const&) + 1512
7   libcore.3.dylib                     0x0000000119e1175b std::__1::__function::__func<std::__1::__bind<std::__1::shared_ptr<core::scoring::SplitUnfoldedTwoBodyPotential> (*)(std::__1::basic_string<char, std::__1::char_traits<char>, std::__1::allocator<char> > const&, std::__1::basic_string<char, std::__1::char_traits<char>, std::__1::allocator<char> > const&, std::__1::basic_string<char, std::__1::char_traits<char>, std::__1::allocator<char> > const&), std::__1::reference_wrapper<std::__1::basic_string<char, std::__1::char_traits<char>, std::__1::allocator<char> > const>, std::__1::reference_wrapper<std::__1::basic_string<char, std::__1::char_traits<char>, std::__1::allocator<char> > const>, std::__1::reference_wrapper<std::__1::basic_string<char, std::__1::char_traits<char>, std::__1::allocator<char> > const> >, std::__1::allocator<std::__1::__bind<std::__1::shared_ptr<core::scoring::SplitUnfoldedTwoBodyPotential> (*)(std::__1::basic_string<char, std::__1::char_traits<char>, std::__1::allocator<char> > const&, std::__1::basic_string<char, std::__1::char_traits<char>, std::__1::allocator<char> > const&, std::__1::basic_string<char, std::__1::char_traits<char>, std::__1::allocator<char> > const&), std::__1::reference_wrapper<std::__1::basic_string<char, std::__1::char_traits<char>, std::__1::allocator<char> > const>, std::__1::reference_wrapper<std::__1::basic_string<char, std::__1::char_traits<char>, std::__1::allocator<char> > const>, std::__1::reference_wrapper<std::__1::basic_string<char, std::__1::char_traits<char>, std::__1::allocator<char> > const> > >, std::__1::shared_ptr<core::scoring::SplitUnfoldedTwoBodyPotential> ()>::operator()() + 27
8   libcore.3.dylib                     0x0000000119e0c546 std::__1::shared_ptr<core::scoring::ScoreFunction> utility::thread::safely_check_map_for_key_and_insert_if_absent<core::scoring::ScoreFunction, core::scoring::ScoreFunctionKey>(std::__1::function<std::__1::shared_ptr<core::scoring::ScoreFunction> ()>, bool, core::scoring::ScoreFunctionKey const&, std::__1::map<core::scoring::ScoreFunctionKey, std::__1::shared_ptr<core::scoring::ScoreFunction>, std::__1::less<core::scoring::ScoreFunctionKey>, std::__1::allocator<std::__1::pair<core::scoring::ScoreFunctionKey const, std::__1::shared_ptr<core::scoring::ScoreFunction> > > >&) + 150
9   libcore.3.dylib                     0x0000000119e09fbb core::scoring::ScoreFunctionFactory::create_score_function_nonstatic(utility::options::OptionCollection const&, std::__1::basic_string<char, std::__1::char_traits<char>, std::__1::allocator<char> > const&, utility::vector1<std::__1::basic_string<char, std::__1::char_traits<char>, std::__1::allocator<char> >, std::__1::allocator<std::__1::basic_string<char, std::__1::char_traits<char>, std::__1::allocator<char> > > > const&) + 667
10  libcore.3.dylib                     0x0000000119e0e89d core::scoring::get_score_function(utility::options::OptionCollection const&, bool) + 2045
11  libcore.3.dylib                     0x0000000119e0e087 core::scoring::get_score_function(bool) + 23
12  libprotocols.4.dylib                0x00000001142caba8 protocols::relax::generate_relax_from_cmd(utility::options::OptionCollection const&, bool) + 40
13  libprotocols.4.dylib                0x00000001142cab67 protocols::relax::generate_relax_from_cmd(bool) + 23
14  libprotocols.4.dylib                0x00000001142b7c72 protocols::relax::Relax_main(bool) + 34
15  relax.default.macosclangrelease     0x000000010e876bc0 main + 96
16  dyld                                0x000000011567552e start + 462

[END_BACKTRACE]

[FILE]: src/core/scoring/ScoreFunction.cc
[LINE]: 3516
[START_MESSAGE]
[ ERROR ] UtilityExitException
ERROR: Unable to open weights/patch file. None of (./)ref2015 or (./)ref2015.wts or /Users/jwu1421/College/scoring/weights/ref2015 or /Users/jwu1421/College/scoring/weights/ref2015.wts exist



[END_MESSAGE]
[END_CRASH_REPORT]

##############################################################################################################
#
# Rosetta crash log. Please submit the contents of this file to http://crash.rosettacommons.org/
# or use the script Rosetta/main/source/scripts/python/public/report_crashes.py
#

[START_CRASH_REPORT]
[ROSETTA_VERSION]: 0.0.dev0
[COMMIT_DATE]: 2025-11-04T10:02:46
[APPLICATION]: /Users/jwu1421/College Stuff/rosetta/source/bin/relax.default.macosclangrelease
[MODE]: Release
[EXTRAS]: default
[OS]: Apple Mac OS X
[COMPILER]: Clang version "14.0.0 (clang-1400.0.29.202)"
[STDLIB]: libc++ version 13000
[START_OPTIONS]
 -in:path:database="/Users/jwu1421/College/ Stuff/rosetta/database/" -in:file:s=./outputs/scripts/5J0K_A.pdb -in:file:native=/Users/jwu1421/College/ Stuff/rosetta/source/lab_7/inputs/5J0K_A.pdb -out:nstruct=3 -out:prefix=r_ -out:file:scorefile=score.sc -out:file:silent=relaxed_structures.silent -relax:default_repeats=1 -relax:constrain_relax_to_start_coords

[END_OPTIONS]

[START_BACKTRACE]: RAW_LIBC
0   libutility.dylib                    0x0000000112cb69ce backtrace_string(int) + 78
1   libutility.dylib                    0x0000000112cd786e utility::excn::Exception::Exception(char const*, int, std::__1::basic_string<char, std::__1::char_traits<char>, std::__1::allocator<char> > const&) + 190
2   libutility.dylib                    0x0000000112cba69c utility::UtilityExitException::UtilityExitException(char const*, int, std::__1::basic_string<char, std::__1::char_traits<char>, std::__1::allocator<char> > const&) + 108
3   libutility.dylib                    0x0000000112cba5d7 utility::exit(char const*, int, std::__1::basic_string<char, std::__1::char_traits<char>, std::__1::allocator<char> > const&, int) + 55
4   libcore.3.dylib                     0x0000000114957b98 core::scoring::find_weights_file(std::__1::basic_string<char, std::__1::char_traits<char>, std::__1::allocator<char> > const&, std::__1::basic_string<char, std::__1::char_traits<char>, std::__1::allocator<char> > const&) + 1768
5   libcore.3.dylib                     0x0000000114956038 core::scoring::ScoreFunction::add_weights_from_file(std::__1::basic_string<char, std::__1::char_traits<char>, std::__1::allocator<char> > const&) + 40
6   libcore.3.dylib                     0x0000000114973d68 core::scoring::ScoreFunctionFactory::load_score_function_from_disk(utility::options::OptionCollection const&, std::__1::basic_string<char, std::__1::char_traits<char>, std::__1::allocator<char> > const&, utility::vector1<std::__1::basic_string<char, std::__1::char_traits<char>, std::__1::allocator<char> >, std::__1::allocator<std::__1::basic_string<char, std::__1::char_traits<char>, std::__1::allocator<char> > > > const&) + 1512
7   libcore.3.dylib                     0x000000011497975b std::__1::__function::__func<std::__1::__bind<std::__1::shared_ptr<core::scoring::SplitUnfoldedTwoBodyPotential> (*)(std::__1::basic_string<char, std::__1::char_traits<char>, std::__1::allocator<char> > const&, std::__1::basic_string<char, std::__1::char_traits<char>, std::__1::allocator<char> > const&, std::__1::basic_string<char, std::__1::char_traits<char>, std::__1::allocator<char> > const&), std::__1::reference_wrapper<std::__1::basic_string<char, std::__1::char_traits<char>, std::__1::allocator<char> > const>, std::__1::reference_wrapper<std::__1::basic_string<char, std::__1::char_traits<char>, std::__1::allocator<char> > const>, std::__1::reference_wrapper<std::__1::basic_string<char, std::__1::char_traits<char>, std::__1::allocator<char> > const> >, std::__1::allocator<std::__1::__bind<std::__1::shared_ptr<core::scoring::SplitUnfoldedTwoBodyPotential> (*)(std::__1::basic_string<char, std::__1::char_traits<char>, std::__1::allocator<char> > const&, std::__1::basic_string<char, std::__1::char_traits<char>, std::__1::allocator<char> > const&, std::__1::basic_string<char, std::__1::char_traits<char>, std::__1::allocator<char> > const&), std::__1::reference_wrapper<std::__1::basic_string<char, std::__1::char_traits<char>, std::__1::allocator<char> > const>, std::__1::reference_wrapper<std::__1::basic_string<char, std::__1::char_traits<char>, std::__1::allocator<char> > const>, std::__1::reference_wrapper<std::__1::basic_string<char, std::__1::char_traits<char>, std::__1::allocator<char> > const> > >, std::__1::shared_ptr<core::scoring::SplitUnfoldedTwoBodyPotential> ()>::operator()() + 27
8   libcore.3.dylib                     0x0000000114974546 std::__1::shared_ptr<core::scoring::ScoreFunction> utility::thread::safely_check_map_for_key_and_insert_if_absent<core::scoring::ScoreFunction, core::scoring::ScoreFunctionKey>(std::__1::function<std::__1::shared_ptr<core::scoring::ScoreFunction> ()>, bool, core::scoring::ScoreFunctionKey const&, std::__1::map<core::scoring::ScoreFunctionKey, std::__1::shared_ptr<core::scoring::ScoreFunction>, std::__1::less<core::scoring::ScoreFunctionKey>, std::__1::allocator<std::__1::pair<core::scoring::ScoreFunctionKey const, std::__1::shared_ptr<core::scoring::ScoreFunction> > > >&) + 150
9   libcore.3.dylib                     0x0000000114971fbb core::scoring::ScoreFunctionFactory::create_score_function_nonstatic(utility::options::OptionCollection const&, std::__1::basic_string<char, std::__1::char_traits<char>, std::__1::allocator<char> > const&, utility::vector1<std::__1::basic_string<char, std::__1::char_traits<char>, std::__1::allocator<char> >, std::__1::allocator<std::__1::basic_string<char, std::__1::char_traits<char>, std::__1::allocator<char> > > > const&) + 667
10  libcore.3.dylib                     0x000000011497689d core::scoring::get_score_function(utility::options::OptionCollection const&, bool) + 2045
11  libcore.3.dylib                     0x0000000114976087 core::scoring::get_score_function(bool) + 23
12  libprotocols.4.dylib                0x000000010e95dba8 protocols::relax::generate_relax_from_cmd(utility::options::OptionCollection const&, bool) + 40
13  libprotocols.4.dylib                0x000000010e95db67 protocols::relax::generate_relax_from_cmd(bool) + 23
14  libprotocols.4.dylib                0x000000010e94ac72 protocols::relax::Relax_main(bool) + 34
15  relax.default.macosclangrelease     0x0000000108f09bc0 main + 96
16  dyld                                0x0000000112c0252e start + 462

[END_BACKTRACE]

[FILE]: src/core/scoring/ScoreFunction.cc
[LINE]: 3516
[START_MESSAGE]
[ ERROR ] UtilityExitException
ERROR: Unable to open weights/patch file. None of (./)ref2015 or (./)ref2015.wts or /Users/jwu1421/College/ Stuff/rosetta/database/scoring/weights/ref2015 or /Users/jwu1421/College/ Stuff/rosetta/database/scoring/weights/ref2015.wts exist



[END_MESSAGE]
[END_CRASH_REPORT]

