##############################################################################################################
#
# Rosetta crash log. Please submit the contents of this file to http://crash.rosettacommons.org/
# or use the script Rosetta/main/source/scripts/python/public/report_crashes.py
#

[START_CRASH_REPORT]
[ROSETTA_VERSION]: 0.0.dev0
[COMMIT_DATE]: 2025-11-04T10:02:46
[APPLICATION]: /Users/jwu1421/College Stuff/rosetta/source/bin/rosetta_scripts.default.macosclangrelease
[MODE]: Release
[EXTRAS]: default
[OS]: Apple Mac OS X
[COMPILER]: Clang version "14.0.0 (clang-1400.0.29.202)"
[STDLIB]: libc++ version 13000
[START_OPTIONS]
 -in:file:s=1UBQ.pdb -parser:protocol=my_awesome_rscript.xml

[END_OPTIONS]

[START_BACKTRACE]: RAW_LIBC
0   libutility.dylib                    0x0000000111f329ce backtrace_string(int) + 78
1   libutility.dylib                    0x0000000111f5386e utility::excn::Exception::Exception(char const*, int, std::__1::basic_string<char, std::__1::char_traits<char>, std::__1::allocator<char> > const&) + 190
2   libutility.dylib                    0x0000000111f3669c utility::UtilityExitException::UtilityExitException(char const*, int, std::__1::basic_string<char, std::__1::char_traits<char>, std::__1::allocator<char> > const&) + 108
3   libutility.dylib                    0x0000000111f365d7 utility::exit(char const*, int, std::__1::basic_string<char, std::__1::char_traits<char>, std::__1::allocator<char> > const&, int) + 55
4   libcore.6.dylib                     0x000000010d35c374 core::import_pose::pose_from_file(core::pose::Pose&, core::chemical::ResidueTypeSet const&, std::__1::basic_string<char, std::__1::char_traits<char>, std::__1::allocator<char> > const&, core::import_pose::ImportPoseOptions const&, bool, core::import_pose::FileType) + 3924
5   libcore.6.dylib                     0x000000010d35a8a1 core::import_pose::pose_from_file(core::pose::Pose&, std::__1::basic_string<char, std::__1::char_traits<char>, std::__1::allocator<char> > const&, core::import_pose::ImportPoseOptions const&, bool, core::import_pose::FileType) + 97
6   libcore.6.dylib                     0x000000010d3590a3 core::import_pose::pose_from_file(core::pose::Pose&, std::__1::basic_string<char, std::__1::char_traits<char>, std::__1::allocator<char> > const&, bool, core::import_pose::FileType) + 67
7   libprotocols.1.dylib                0x000000010e677472 protocols::jd2::PDBJobInputter::pose_from_job(core::pose::Pose&, std::__1::shared_ptr<protocols::jd2::Job>) + 1778
8   libprotocols.1.dylib                0x000000010e658073 protocols::jd2::JobDistributor::run_one_job(std::__1::shared_ptr<protocols::moves::Mover>&, long, std::__1::basic_string<char, std::__1::char_traits<char>, std::__1::allocator<char> >&, std::__1::basic_string<char, std::__1::char_traits<char>, std::__1::allocator<char> >&, unsigned long&, unsigned long&, bool) + 1971
9   libprotocols.1.dylib                0x000000010e656ae2 protocols::jd2::JobDistributor::go_main(std::__1::shared_ptr<protocols::moves::Mover>) + 194
10  libprotocols.1.dylib                0x000000010e651c02 protocols::jd2::FileSystemJobDistributor::go(std::__1::shared_ptr<protocols::moves::Mover>) + 66
11  rosetta_scripts.default.macosclangr 0x0000000108481c13 main + 1555
12  dyld                                0x000000011554452e start + 462

[END_BACKTRACE]

[FILE]: src/core/import_pose/import_pose.cc
[LINE]: 387
[START_MESSAGE]
[ ERROR ] UtilityExitException
ERROR: Cannot open file "1UBQ.pdb"



[END_MESSAGE]
[END_CRASH_REPORT]

##############################################################################################################
#
# Rosetta crash log. Please submit the contents of this file to http://crash.rosettacommons.org/
# or use the script Rosetta/main/source/scripts/python/public/report_crashes.py
#

[START_CRASH_REPORT]
[ROSETTA_VERSION]: 0.0.dev0
[COMMIT_DATE]: 2025-11-04T10:02:46
[APPLICATION]: /Users/jwu1421/College Stuff/rosetta/source/bin/rosetta_scripts.default.macosclangrelease
[MODE]: Release
[EXTRAS]: default
[OS]: Apple Mac OS X
[COMPILER]: Clang version "14.0.0 (clang-1400.0.29.202)"
[STDLIB]: libc++ version 13000
[START_OPTIONS]
 -in:file:s="/Users/jwu1421/College Stuff/rosetta/source/1UBQ.pdb" -parser:protocol=my_awesome_rscript.xml

[END_OPTIONS]

[START_BACKTRACE]: RAW_LIBC
0   libutility.dylib                    0x00000001159f39ce backtrace_string(int) + 78
1   libutility.dylib                    0x0000000115a1486e utility::excn::Exception::Exception(char const*, int, std::__1::basic_string<char, std::__1::char_traits<char>, std::__1::allocator<char> > const&) + 190
2   libutility.dylib                    0x00000001159f769c utility::UtilityExitException::UtilityExitException(char const*, int, std::__1::basic_string<char, std::__1::char_traits<char>, std::__1::allocator<char> > const&) + 108
3   libutility.dylib                    0x00000001159f75d7 utility::exit(char const*, int, std::__1::basic_string<char, std::__1::char_traits<char>, std::__1::allocator<char> > const&, int) + 55
4   libcore.6.dylib                     0x0000000110bc4374 core::import_pose::pose_from_file(core::pose::Pose&, core::chemical::ResidueTypeSet const&, std::__1::basic_string<char, std::__1::char_traits<char>, std::__1::allocator<char> > const&, core::import_pose::ImportPoseOptions const&, bool, core::import_pose::FileType) + 3924
5   libcore.6.dylib                     0x0000000110bc28a1 core::import_pose::pose_from_file(core::pose::Pose&, std::__1::basic_string<char, std::__1::char_traits<char>, std::__1::allocator<char> > const&, core::import_pose::ImportPoseOptions const&, bool, core::import_pose::FileType) + 97
6   libcore.6.dylib                     0x0000000110bc10a3 core::import_pose::pose_from_file(core::pose::Pose&, std::__1::basic_string<char, std::__1::char_traits<char>, std::__1::allocator<char> > const&, bool, core::import_pose::FileType) + 67
7   libprotocols.1.dylib                0x0000000111edf472 protocols::jd2::PDBJobInputter::pose_from_job(core::pose::Pose&, std::__1::shared_ptr<protocols::jd2::Job>) + 1778
8   libprotocols.1.dylib                0x0000000111ec0073 protocols::jd2::JobDistributor::run_one_job(std::__1::shared_ptr<protocols::moves::Mover>&, long, std::__1::basic_string<char, std::__1::char_traits<char>, std::__1::allocator<char> >&, std::__1::basic_string<char, std::__1::char_traits<char>, std::__1::allocator<char> >&, unsigned long&, unsigned long&, bool) + 1971
9   libprotocols.1.dylib                0x0000000111ebeae2 protocols::jd2::JobDistributor::go_main(std::__1::shared_ptr<protocols::moves::Mover>) + 194
10  libprotocols.1.dylib                0x0000000111eb9c02 protocols::jd2::FileSystemJobDistributor::go(std::__1::shared_ptr<protocols::moves::Mover>) + 66
11  rosetta_scripts.default.macosclangr 0x000000010bce9c13 main + 1555
12  dyld                                0x00000001128e252e start + 462

[END_BACKTRACE]

[FILE]: src/core/import_pose/import_pose.cc
[LINE]: 387
[START_MESSAGE]
[ ERROR ] UtilityExitException
ERROR: Cannot open file "/Users/jwu1421/College Stuff/rosetta/source/1UBQ.pdb"



[END_MESSAGE]
[END_CRASH_REPORT]

