##############################################################################################################
#
# Rosetta crash log. Please submit the contents of this file to http://crash.rosettacommons.org/
# or use the script Rosetta/main/source/scripts/python/public/report_crashes.py
#

[START_CRASH_REPORT]
[ROSETTA_VERSION]: 0.0.dev0
[COMMIT_DATE]: 2025-11-04T10:02:46
[APPLICATION]: UNKNOWN APPLICATION
[MODE]: Release
[EXTRAS]: default
[OS]: Apple Mac OS X
[COMPILER]: Clang version "14.0.0 (clang-1400.0.29.202)"
[STDLIB]: libc++ version 13000
[START_OPTIONS]
NO OPTIONS SPECIFIED

[END_OPTIONS]

[START_BACKTRACE]: RAW_LIBC
0   libutility.dylib                    0x000000010a02b9ce backtrace_string(int) + 78
1   libutility.dylib                    0x000000010a04c86e utility::excn::Exception::Exception(char const*, int, std::__1::basic_string<char, std::__1::char_traits<char>, std::__1::allocator<char> > const&) + 190
2   libutility.dylib                    0x000000010a10c4d2 utility::options::OptionCollection::load_options_from_file_exception(std::__1::basic_string<char, std::__1::char_traits<char>, std::__1::allocator<char> > const&, std::__1::basic_string<char, std::__1::char_traits<char>, std::__1::allocator<char> > const&) + 514
3   libutility.dylib                    0x000000010a1060a4 utility::options::OptionCollection::load(std::__1::basic_string<char, std::__1::char_traits<char>, std::__1::allocator<char> >, std::__1::list<std::__1::basic_string<char, std::__1::char_traits<char>, std::__1::allocator<char> >, std::__1::allocator<std::__1::basic_string<char, std::__1::char_traits<char>, std::__1::allocator<char> > > >&, bool) + 532
4   libutility.dylib                    0x000000010a1070ec utility::options::OptionCollection::load(int, char* const*, bool) + 556
5   libcore.6.dylib                     0x0000000105510204 core::init::init(int, char**) + 52
6   relax.default.macosclangrelease     0x000000010057bbb9 main + 89
7   dyld                                0x000000010ac6552e start + 462

[END_BACKTRACE]

[FILE]: src/utility/options/OptionCollection.cc
[LINE]: 572
[START_MESSAGE]
Option file open failed for: '/Users/jwu1421/College Stuff/rosetta/source/lab_7/inputs/relax_inputs.flag'

[END_MESSAGE]
[END_CRASH_REPORT]

##############################################################################################################
#
# Rosetta crash log. Please submit the contents of this file to http://crash.rosettacommons.org/
# or use the script Rosetta/main/source/scripts/python/public/report_crashes.py
#

[START_CRASH_REPORT]
[ROSETTA_VERSION]: 0.0.dev0
[COMMIT_DATE]: 2025-11-04T10:02:46
[APPLICATION]: UNKNOWN APPLICATION
[MODE]: Release
[EXTRAS]: default
[OS]: Apple Mac OS X
[COMPILER]: Clang version "14.0.0 (clang-1400.0.29.202)"
[STDLIB]: libc++ version 13000
[START_OPTIONS]
NO OPTIONS SPECIFIED

[END_OPTIONS]

[START_BACKTRACE]: RAW_LIBC
0   libutility.dylib                    0x000000010eea29ce backtrace_string(int) + 78
1   libutility.dylib                    0x000000010eec386e utility::excn::Exception::Exception(char const*, int, std::__1::basic_string<char, std::__1::char_traits<char>, std::__1::allocator<char> > const&) + 190
2   libutility.dylib                    0x000000010ef834d2 utility::options::OptionCollection::load_options_from_file_exception(std::__1::basic_string<char, std::__1::char_traits<char>, std::__1::allocator<char> > const&, std::__1::basic_string<char, std::__1::char_traits<char>, std::__1::allocator<char> > const&) + 514
3   libutility.dylib                    0x000000010ef7d0a4 utility::options::OptionCollection::load(std::__1::basic_string<char, std::__1::char_traits<char>, std::__1::allocator<char> >, std::__1::list<std::__1::basic_string<char, std::__1::char_traits<char>, std::__1::allocator<char> >, std::__1::allocator<std::__1::basic_string<char, std::__1::char_traits<char>, std::__1::allocator<char> > > >&, bool) + 532
4   libutility.dylib                    0x000000010ef7e0ec utility::options::OptionCollection::load(int, char* const*, bool) + 556
5   libcore.6.dylib                     0x000000010a0f5204 core::init::init(int, char**) + 52
6   relax.default.macosclangrelease     0x0000000105160bb9 main + 89
7   dyld                                0x000000010b42352e start + 462

[END_BACKTRACE]

[FILE]: src/utility/options/OptionCollection.cc
[LINE]: 572
[START_MESSAGE]
Option file open failed for: '/Users/jwu1421/relax_inputs.flag'

[END_MESSAGE]
[END_CRASH_REPORT]

##############################################################################################################
#
# Rosetta crash log. Please submit the contents of this file to http://crash.rosettacommons.org/
# or use the script Rosetta/main/source/scripts/python/public/report_crashes.py
#

[START_CRASH_REPORT]
[ROSETTA_VERSION]: 0.0.dev0
[COMMIT_DATE]: 2025-11-04T10:02:46
[APPLICATION]: UNKNOWN APPLICATION
[MODE]: Release
[EXTRAS]: default
[OS]: Apple Mac OS X
[COMPILER]: Clang version "14.0.0 (clang-1400.0.29.202)"
[STDLIB]: libc++ version 13000
[START_OPTIONS]
NO OPTIONS SPECIFIED

[END_OPTIONS]

[START_BACKTRACE]: RAW_LIBC
0   libutility.dylib                    0x00000001174999ce backtrace_string(int) + 78
1   libutility.dylib                    0x00000001174ba86e utility::excn::Exception::Exception(char const*, int, std::__1::basic_string<char, std::__1::char_traits<char>, std::__1::allocator<char> > const&) + 190
2   libutility.dylib                    0x000000011757a4d2 utility::options::OptionCollection::load_options_from_file_exception(std::__1::basic_string<char, std::__1::char_traits<char>, std::__1::allocator<char> > const&, std::__1::basic_string<char, std::__1::char_traits<char>, std::__1::allocator<char> > const&) + 514
3   libutility.dylib                    0x00000001175740a4 utility::options::OptionCollection::load(std::__1::basic_string<char, std::__1::char_traits<char>, std::__1::allocator<char> >, std::__1::list<std::__1::basic_string<char, std::__1::char_traits<char>, std::__1::allocator<char> >, std::__1::allocator<std::__1::basic_string<char, std::__1::char_traits<char>, std::__1::allocator<char> > > >&, bool) + 532
4   libutility.dylib                    0x00000001175750ec utility::options::OptionCollection::load(int, char* const*, bool) + 556
5   libcore.6.dylib                     0x000000011297e204 core::init::init(int, char**) + 52
6   relax.default.macosclangrelease     0x000000010d9c3bb9 main + 89
7   dyld                                0x000000010e06052e start + 462

[END_BACKTRACE]

[FILE]: src/utility/options/OptionCollection.cc
[LINE]: 572
[START_MESSAGE]
Option file open failed for: '/Users/jwu1421/relax_inputs.flags'

[END_MESSAGE]
[END_CRASH_REPORT]

##############################################################################################################
#
# Rosetta crash log. Please submit the contents of this file to http://crash.rosettacommons.org/
# or use the script Rosetta/main/source/scripts/python/public/report_crashes.py
#

[START_CRASH_REPORT]
[ROSETTA_VERSION]: 0.0.dev0
[COMMIT_DATE]: 2025-11-04T10:02:46
[APPLICATION]: UNKNOWN APPLICATION
[MODE]: Release
[EXTRAS]: default
[OS]: Apple Mac OS X
[COMPILER]: Clang version "14.0.0 (clang-1400.0.29.202)"
[STDLIB]: libc++ version 13000
[START_OPTIONS]
NO OPTIONS SPECIFIED

[END_OPTIONS]

[START_BACKTRACE]: RAW_LIBC
0   libutility.dylib                    0x000000010e2a09ce backtrace_string(int) + 78
1   libutility.dylib                    0x000000010e2c186e utility::excn::Exception::Exception(char const*, int, std::__1::basic_string<char, std::__1::char_traits<char>, std::__1::allocator<char> > const&) + 190
2   libutility.dylib                    0x000000010e3814d2 utility::options::OptionCollection::load_options_from_file_exception(std::__1::basic_string<char, std::__1::char_traits<char>, std::__1::allocator<char> > const&, std::__1::basic_string<char, std::__1::char_traits<char>, std::__1::allocator<char> > const&) + 514
3   libutility.dylib                    0x000000010e37b0a4 utility::options::OptionCollection::load(std::__1::basic_string<char, std::__1::char_traits<char>, std::__1::allocator<char> >, std::__1::list<std::__1::basic_string<char, std::__1::char_traits<char>, std::__1::allocator<char> >, std::__1::allocator<std::__1::basic_string<char, std::__1::char_traits<char>, std::__1::allocator<char> > > >&, bool) + 532
4   libutility.dylib                    0x000000010e37c0ec utility::options::OptionCollection::load(int, char* const*, bool) + 556
5   libcore.6.dylib                     0x0000000109785204 core::init::init(int, char**) + 52
6   relax.default.macosclangrelease     0x00000001047f0bb9 main + 89
7   dyld                                0x0000000113e9752e start + 462

[END_BACKTRACE]

[FILE]: src/utility/options/OptionCollection.cc
[LINE]: 572
[START_MESSAGE]
Option file open failed for: '/Users/jwu1421/relax_inputs.flags'

[END_MESSAGE]
[END_CRASH_REPORT]

##############################################################################################################
#
# Rosetta crash log. Please submit the contents of this file to http://crash.rosettacommons.org/
# or use the script Rosetta/main/source/scripts/python/public/report_crashes.py
#

[START_CRASH_REPORT]
[ROSETTA_VERSION]: 0.0.dev0
[COMMIT_DATE]: 2025-11-04T10:02:46
[APPLICATION]: UNKNOWN APPLICATION
[MODE]: Release
[EXTRAS]: default
[OS]: Apple Mac OS X
[COMPILER]: Clang version "14.0.0 (clang-1400.0.29.202)"
[STDLIB]: libc++ version 13000
[START_OPTIONS]
NO OPTIONS SPECIFIED

[END_OPTIONS]

[START_BACKTRACE]: RAW_LIBC
0   libutility.dylib                    0x0000000115fb79ce backtrace_string(int) + 78
1   libutility.dylib                    0x0000000115fd886e utility::excn::Exception::Exception(char const*, int, std::__1::basic_string<char, std::__1::char_traits<char>, std::__1::allocator<char> > const&) + 190
2   libutility.dylib                    0x00000001160984d2 utility::options::OptionCollection::load_options_from_file_exception(std::__1::basic_string<char, std::__1::char_traits<char>, std::__1::allocator<char> > const&, std::__1::basic_string<char, std::__1::char_traits<char>, std::__1::allocator<char> > const&) + 514
3   libutility.dylib                    0x00000001160920a4 utility::options::OptionCollection::load(std::__1::basic_string<char, std::__1::char_traits<char>, std::__1::allocator<char> >, std::__1::list<std::__1::basic_string<char, std::__1::char_traits<char>, std::__1::allocator<char> >, std::__1::allocator<std::__1::basic_string<char, std::__1::char_traits<char>, std::__1::allocator<char> > > >&, bool) + 532
4   libutility.dylib                    0x00000001160930ec utility::options::OptionCollection::load(int, char* const*, bool) + 556
5   libcore.6.dylib                     0x000000011149c204 core::init::init(int, char**) + 52
6   relax.default.macosclangrelease     0x000000010c31bbb9 main + 89
7   dyld                                0x000000010e49c52e start + 462

[END_BACKTRACE]

[FILE]: src/utility/options/OptionCollection.cc
[LINE]: 572
[START_MESSAGE]
Option file open failed for: '/Users/jwu1421/College Stuff/rosetta/source/lab_7/inputs/relax_input.flag'

[END_MESSAGE]
[END_CRASH_REPORT]

##############################################################################################################
#
# Rosetta crash log. Please submit the contents of this file to http://crash.rosettacommons.org/
# or use the script Rosetta/main/source/scripts/python/public/report_crashes.py
#

[START_CRASH_REPORT]
[ROSETTA_VERSION]: 0.0.dev0
[COMMIT_DATE]: 2025-11-04T10:02:46
[APPLICATION]: /Users/jwu1421/College Stuff/rosetta/source/bin/relax.default.macosclangrelease
[MODE]: Release
[EXTRAS]: default
[OS]: Apple Mac OS X
[COMPILER]: Clang version "14.0.0 (clang-1400.0.29.202)"
[STDLIB]: libc++ version 13000
[START_OPTIONS]
 -in:path:database=../../../database/ -in:file:s=./outputs/scripts/5J0K_A.pdb -in:file:native=../inputs/5J0K_A.pdb -out:nstruct=3 -out:prefix=r_ -out:file:scorefile=score.sc -out:file:silent=relaxed_structures.silent -relax:default_repeats=1 -relax:constrain_relax_to_start_coords

[END_OPTIONS]

[START_BACKTRACE]: RAW_LIBC
0   libutility.dylib                    0x000000010bdba9ce backtrace_string(int) + 78
1   libutility.dylib                    0x000000010bddb86e utility::excn::Exception::Exception(char const*, int, std::__1::basic_string<char, std::__1::char_traits<char>, std::__1::allocator<char> > const&) + 190
2   libutility.dylib                    0x000000010bdbe69c utility::UtilityExitException::UtilityExitException(char const*, int, std::__1::basic_string<char, std::__1::char_traits<char>, std::__1::allocator<char> > const&) + 108
3   libutility.dylib                    0x000000010bdbe5d7 utility::exit(char const*, int, std::__1::basic_string<char, std::__1::char_traits<char>, std::__1::allocator<char> > const&, int) + 55
4   libcore.3.dylib                     0x000000010d814b98 core::scoring::find_weights_file(std::__1::basic_string<char, std::__1::char_traits<char>, std::__1::allocator<char> > const&, std::__1::basic_string<char, std::__1::char_traits<char>, std::__1::allocator<char> > const&) + 1768
5   libcore.3.dylib                     0x000000010d813038 core::scoring::ScoreFunction::add_weights_from_file(std::__1::basic_string<char, std::__1::char_traits<char>, std::__1::allocator<char> > const&) + 40
6   libcore.3.dylib                     0x000000010d830d68 core::scoring::ScoreFunctionFactory::load_score_function_from_disk(utility::options::OptionCollection const&, std::__1::basic_string<char, std::__1::char_traits<char>, std::__1::allocator<char> > const&, utility::vector1<std::__1::basic_string<char, std::__1::char_traits<char>, std::__1::allocator<char> >, std::__1::allocator<std::__1::basic_string<char, std::__1::char_traits<char>, std::__1::allocator<char> > > > const&) + 1512
7   libcore.3.dylib                     0x000000010d83675b std::__1::__function::__func<std::__1::__bind<std::__1::shared_ptr<core::scoring::SplitUnfoldedTwoBodyPotential> (*)(std::__1::basic_string<char, std::__1::char_traits<char>, std::__1::allocator<char> > const&, std::__1::basic_string<char, std::__1::char_traits<char>, std::__1::allocator<char> > const&, std::__1::basic_string<char, std::__1::char_traits<char>, std::__1::allocator<char> > const&), std::__1::reference_wrapper<std::__1::basic_string<char, std::__1::char_traits<char>, std::__1::allocator<char> > const>, std::__1::reference_wrapper<std::__1::basic_string<char, std::__1::char_traits<char>, std::__1::allocator<char> > const>, std::__1::reference_wrapper<std::__1::basic_string<char, std::__1::char_traits<char>, std::__1::allocator<char> > const> >, std::__1::allocator<std::__1::__bind<std::__1::shared_ptr<core::scoring::SplitUnfoldedTwoBodyPotential> (*)(std::__1::basic_string<char, std::__1::char_traits<char>, std::__1::allocator<char> > const&, std::__1::basic_string<char, std::__1::char_traits<char>, std::__1::allocator<char> > const&, std::__1::basic_string<char, std::__1::char_traits<char>, std::__1::allocator<char> > const&), std::__1::reference_wrapper<std::__1::basic_string<char, std::__1::char_traits<char>, std::__1::allocator<char> > const>, std::__1::reference_wrapper<std::__1::basic_string<char, std::__1::char_traits<char>, std::__1::allocator<char> > const>, std::__1::reference_wrapper<std::__1::basic_string<char, std::__1::char_traits<char>, std::__1::allocator<char> > const> > >, std::__1::shared_ptr<core::scoring::SplitUnfoldedTwoBodyPotential> ()>::operator()() + 27
8   libcore.3.dylib                     0x000000010d831546 std::__1::shared_ptr<core::scoring::ScoreFunction> utility::thread::safely_check_map_for_key_and_insert_if_absent<core::scoring::ScoreFunction, core::scoring::ScoreFunctionKey>(std::__1::function<std::__1::shared_ptr<core::scoring::ScoreFunction> ()>, bool, core::scoring::ScoreFunctionKey const&, std::__1::map<core::scoring::ScoreFunctionKey, std::__1::shared_ptr<core::scoring::ScoreFunction>, std::__1::less<core::scoring::ScoreFunctionKey>, std::__1::allocator<std::__1::pair<core::scoring::ScoreFunctionKey const, std::__1::shared_ptr<core::scoring::ScoreFunction> > > >&) + 150
9   libcore.3.dylib                     0x000000010d82efbb core::scoring::ScoreFunctionFactory::create_score_function_nonstatic(utility::options::OptionCollection const&, std::__1::basic_string<char, std::__1::char_traits<char>, std::__1::allocator<char> > const&, utility::vector1<std::__1::basic_string<char, std::__1::char_traits<char>, std::__1::allocator<char> >, std::__1::allocator<std::__1::basic_string<char, std::__1::char_traits<char>, std::__1::allocator<char> > > > const&) + 667
10  libcore.3.dylib                     0x000000010d83389d core::scoring::get_score_function(utility::options::OptionCollection const&, bool) + 2045
11  libcore.3.dylib                     0x000000010d833087 core::scoring::get_score_function(bool) + 23
12  libprotocols.4.dylib                0x0000000107d5eba8 protocols::relax::generate_relax_from_cmd(utility::options::OptionCollection const&, bool) + 40
13  libprotocols.4.dylib                0x0000000107d5eb67 protocols::relax::generate_relax_from_cmd(bool) + 23
14  libprotocols.4.dylib                0x0000000107d4bc72 protocols::relax::Relax_main(bool) + 34
15  relax.default.macosclangrelease     0x000000010230abc0 main + 96
16  dyld                                0x000000010d2fb52e start + 462

[END_BACKTRACE]

[FILE]: src/core/scoring/ScoreFunction.cc
[LINE]: 3516
[START_MESSAGE]
[ ERROR ] UtilityExitException
ERROR: Unable to open weights/patch file. None of (./)ref2015 or (./)ref2015.wts or ../../../database/scoring/weights/ref2015 or ../../../database/scoring/weights/ref2015.wts exist



[END_MESSAGE]
[END_CRASH_REPORT]

##############################################################################################################
#
# Rosetta crash log. Please submit the contents of this file to http://crash.rosettacommons.org/
# or use the script Rosetta/main/source/scripts/python/public/report_crashes.py
#

[START_CRASH_REPORT]
[ROSETTA_VERSION]: 0.0.dev0
[COMMIT_DATE]: 2025-11-04T10:02:46
[APPLICATION]: UNKNOWN APPLICATION
[MODE]: Release
[EXTRAS]: default
[OS]: Apple Mac OS X
[COMPILER]: Clang version "14.0.0 (clang-1400.0.29.202)"
[STDLIB]: libc++ version 13000
[START_OPTIONS]
NO OPTIONS SPECIFIED

[END_OPTIONS]

[START_BACKTRACE]: RAW_LIBC
0   libutility.dylib                    0x00000001133079ce backtrace_string(int) + 78
1   libutility.dylib                    0x000000011332886e utility::excn::Exception::Exception(char const*, int, std::__1::basic_string<char, std::__1::char_traits<char>, std::__1::allocator<char> > const&) + 190
2   libutility.dylib                    0x00000001133f41f6 utility::options::OptionCollection::set_option_value_file(std::__1::basic_string<char, std::__1::char_traits<char>, std::__1::allocator<char> > const&, std::__1::list<std::__1::basic_string<char, std::__1::char_traits<char>, std::__1::allocator<char> >, std::__1::allocator<std::__1::basic_string<char, std::__1::char_traits<char>, std::__1::allocator<char> > > >&) + 1206
3   libutility.dylib                    0x00000001133e7d67 utility::options::OptionCollection::load_option_file(std::__1::basic_string<char, std::__1::char_traits<char>, std::__1::allocator<char> > const&, std::__1::list<std::__1::basic_string<char, std::__1::char_traits<char>, std::__1::allocator<char> >, std::__1::allocator<std::__1::basic_string<char, std::__1::char_traits<char>, std::__1::allocator<char> > > >&, std::__1::basic_string<char, std::__1::char_traits<char>, std::__1::allocator<char> >&, bool) + 823
4   libutility.dylib                    0x00000001133e6b8c utility::options::OptionCollection::load_options_from_stream(std::__1::basic_istream<char, std::__1::char_traits<char> >&, std::__1::basic_string<char, std::__1::char_traits<char>, std::__1::allocator<char> > const&, std::__1::basic_string<char, std::__1::char_traits<char>, std::__1::allocator<char> > const&, bool) + 2908
5   libutility.dylib                    0x00000001133e8411 utility::options::OptionCollection::load_options_from_file_exception(std::__1::basic_string<char, std::__1::char_traits<char>, std::__1::allocator<char> > const&, std::__1::basic_string<char, std::__1::char_traits<char>, std::__1::allocator<char> > const&) + 321
6   libutility.dylib                    0x00000001133e20a4 utility::options::OptionCollection::load(std::__1::basic_string<char, std::__1::char_traits<char>, std::__1::allocator<char> >, std::__1::list<std::__1::basic_string<char, std::__1::char_traits<char>, std::__1::allocator<char> >, std::__1::allocator<std::__1::basic_string<char, std::__1::char_traits<char>, std::__1::allocator<char> > > >&, bool) + 532
7   libutility.dylib                    0x00000001133e30ec utility::options::OptionCollection::load(int, char* const*, bool) + 556
8   libcore.6.dylib                     0x000000010e42c204 core::init::init(int, char**) + 52
9   relax.default.macosclangrelease     0x0000000109497bb9 main + 89
10  dyld                                0x0000000111f6d52e start + 462

[END_BACKTRACE]

[FILE]: src/utility/options/OptionCollection.cc
[LINE]: 1245
[START_MESSAGE]
 Multiple values specified for option -in:file:native

[END_MESSAGE]
[END_CRASH_REPORT]

##############################################################################################################
#
# Rosetta crash log. Please submit the contents of this file to http://crash.rosettacommons.org/
# or use the script Rosetta/main/source/scripts/python/public/report_crashes.py
#

[START_CRASH_REPORT]
[ROSETTA_VERSION]: 0.0.dev0
[COMMIT_DATE]: 2025-11-04T10:02:46
[APPLICATION]: /Users/jwu1421/College Stuff/rosetta/source/bin/relax.default.macosclangrelease
[MODE]: Release
[EXTRAS]: default
[OS]: Apple Mac OS X
[COMPILER]: Clang version "14.0.0 (clang-1400.0.29.202)"
[STDLIB]: libc++ version 13000
[START_OPTIONS]
 -in:path:database=/Users/jwu1421/College/ Stuff/rosetta/database/ -in:file:s=./outputs/scripts/5J0K_A.pdb -in:file:native=/Users/jwu1421/College/ Stuff/rosetta/source/lab_7/inputs/5J0K_A.pdb -out:nstruct=3 -out:prefix=r_ -out:file:scorefile=score.sc -out:file:silent=relaxed_structures.silent -relax:default_repeats=1 -relax:constrain_relax_to_start_coords

[END_OPTIONS]

[START_BACKTRACE]: RAW_LIBC
0   libutility.dylib                    0x00000001085479ce backtrace_string(int) + 78
1   libutility.dylib                    0x000000010856886e utility::excn::Exception::Exception(char const*, int, std::__1::basic_string<char, std::__1::char_traits<char>, std::__1::allocator<char> > const&) + 190
2   libutility.dylib                    0x000000010854b69c utility::UtilityExitException::UtilityExitException(char const*, int, std::__1::basic_string<char, std::__1::char_traits<char>, std::__1::allocator<char> > const&) + 108
3   libutility.dylib                    0x000000010854b5d7 utility::exit(char const*, int, std::__1::basic_string<char, std::__1::char_traits<char>, std::__1::allocator<char> > const&, int) + 55
4   libcore.3.dylib                     0x000000010cd1bb98 core::scoring::find_weights_file(std::__1::basic_string<char, std::__1::char_traits<char>, std::__1::allocator<char> > const&, std::__1::basic_string<char, std::__1::char_traits<char>, std::__1::allocator<char> > const&) + 1768
5   libcore.3.dylib                     0x000000010cd1a038 core::scoring::ScoreFunction::add_weights_from_file(std::__1::basic_string<char, std::__1::char_traits<char>, std::__1::allocator<char> > const&) + 40
6   libcore.3.dylib                     0x000000010cd37d68 core::scoring::ScoreFunctionFactory::load_score_function_from_disk(utility::options::OptionCollection const&, std::__1::basic_string<char, std::__1::char_traits<char>, std::__1::allocator<char> > const&, utility::vector1<std::__1::basic_string<char, std::__1::char_traits<char>, std::__1::allocator<char> >, std::__1::allocator<std::__1::basic_string<char, std::__1::char_traits<char>, std::__1::allocator<char> > > > const&) + 1512
7   libcore.3.dylib                     0x000000010cd3d75b std::__1::__function::__func<std::__1::__bind<std::__1::shared_ptr<core::scoring::SplitUnfoldedTwoBodyPotential> (*)(std::__1::basic_string<char, std::__1::char_traits<char>, std::__1::allocator<char> > const&, std::__1::basic_string<char, std::__1::char_traits<char>, std::__1::allocator<char> > const&, std::__1::basic_string<char, std::__1::char_traits<char>, std::__1::allocator<char> > const&), std::__1::reference_wrapper<std::__1::basic_string<char, std::__1::char_traits<char>, std::__1::allocator<char> > const>, std::__1::reference_wrapper<std::__1::basic_string<char, std::__1::char_traits<char>, std::__1::allocator<char> > const>, std::__1::reference_wrapper<std::__1::basic_string<char, std::__1::char_traits<char>, std::__1::allocator<char> > const> >, std::__1::allocator<std::__1::__bind<std::__1::shared_ptr<core::scoring::SplitUnfoldedTwoBodyPotential> (*)(std::__1::basic_string<char, std::__1::char_traits<char>, std::__1::allocator<char> > const&, std::__1::basic_string<char, std::__1::char_traits<char>, std::__1::allocator<char> > const&, std::__1::basic_string<char, std::__1::char_traits<char>, std::__1::allocator<char> > const&), std::__1::reference_wrapper<std::__1::basic_string<char, std::__1::char_traits<char>, std::__1::allocator<char> > const>, std::__1::reference_wrapper<std::__1::basic_string<char, std::__1::char_traits<char>, std::__1::allocator<char> > const>, std::__1::reference_wrapper<std::__1::basic_string<char, std::__1::char_traits<char>, std::__1::allocator<char> > const> > >, std::__1::shared_ptr<core::scoring::SplitUnfoldedTwoBodyPotential> ()>::operator()() + 27
8   libcore.3.dylib                     0x000000010cd38546 std::__1::shared_ptr<core::scoring::ScoreFunction> utility::thread::safely_check_map_for_key_and_insert_if_absent<core::scoring::ScoreFunction, core::scoring::ScoreFunctionKey>(std::__1::function<std::__1::shared_ptr<core::scoring::ScoreFunction> ()>, bool, core::scoring::ScoreFunctionKey const&, std::__1::map<core::scoring::ScoreFunctionKey, std::__1::shared_ptr<core::scoring::ScoreFunction>, std::__1::less<core::scoring::ScoreFunctionKey>, std::__1::allocator<std::__1::pair<core::scoring::ScoreFunctionKey const, std::__1::shared_ptr<core::scoring::ScoreFunction> > > >&) + 150
9   libcore.3.dylib                     0x000000010cd35fbb core::scoring::ScoreFunctionFactory::create_score_function_nonstatic(utility::options::OptionCollection const&, std::__1::basic_string<char, std::__1::char_traits<char>, std::__1::allocator<char> > const&, utility::vector1<std::__1::basic_string<char, std::__1::char_traits<char>, std::__1::allocator<char> >, std::__1::allocator<std::__1::basic_string<char, std::__1::char_traits<char>, std::__1::allocator<char> > > > const&) + 667
10  libcore.3.dylib                     0x000000010cd3a89d core::scoring::get_score_function(utility::options::OptionCollection const&, bool) + 2045
11  libcore.3.dylib                     0x000000010cd3a087 core::scoring::get_score_function(bool) + 23
12  libprotocols.4.dylib                0x0000000107656ba8 protocols::relax::generate_relax_from_cmd(utility::options::OptionCollection const&, bool) + 40
13  libprotocols.4.dylib                0x0000000107656b67 protocols::relax::generate_relax_from_cmd(bool) + 23
14  libprotocols.4.dylib                0x0000000107643c72 protocols::relax::Relax_main(bool) + 34
15  relax.default.macosclangrelease     0x0000000101524bc0 main + 96
16  dyld                                0x00000001069bb52e start + 462

[END_BACKTRACE]

[FILE]: src/core/scoring/ScoreFunction.cc
[LINE]: 3516
[START_MESSAGE]
[ ERROR ] UtilityExitException
ERROR: Unable to open weights/patch file. None of (./)ref2015 or (./)ref2015.wts or /Users/jwu1421/College/scoring/weights/ref2015 or /Users/jwu1421/College/scoring/weights/ref2015.wts exist



[END_MESSAGE]
[END_CRASH_REPORT]

##############################################################################################################
#
# Rosetta crash log. Please submit the contents of this file to http://crash.rosettacommons.org/
# or use the script Rosetta/main/source/scripts/python/public/report_crashes.py
#

[START_CRASH_REPORT]
[ROSETTA_VERSION]: 0.0.dev0
[COMMIT_DATE]: 2025-11-04T10:02:46
[APPLICATION]: /Users/jwu1421/College Stuff/rosetta/source/bin/relax.default.macosclangrelease
[MODE]: Release
[EXTRAS]: default
[OS]: Apple Mac OS X
[COMPILER]: Clang version "14.0.0 (clang-1400.0.29.202)"
[STDLIB]: libc++ version 13000
[START_OPTIONS]
 -in:path:database="/Users/jwu1421/College/ Stuff/rosetta/database/" -in:file:s=./outputs/scripts/5J0K_A.pdb -in:file:native=/Users/jwu1421/College/ Stuff/rosetta/source/lab_7/inputs/5J0K_A.pdb -out:nstruct=3 -out:prefix=r_ -out:file:scorefile=score.sc -out:file:silent=relaxed_structures.silent -relax:default_repeats=1 -relax:constrain_relax_to_start_coords

[END_OPTIONS]

[START_BACKTRACE]: RAW_LIBC
0   libutility.dylib                    0x00000001186909ce backtrace_string(int) + 78
1   libutility.dylib                    0x00000001186b186e utility::excn::Exception::Exception(char const*, int, std::__1::basic_string<char, std::__1::char_traits<char>, std::__1::allocator<char> > const&) + 190
2   libutility.dylib                    0x000000011869469c utility::UtilityExitException::UtilityExitException(char const*, int, std::__1::basic_string<char, std::__1::char_traits<char>, std::__1::allocator<char> > const&) + 108
3   libutility.dylib                    0x00000001186945d7 utility::exit(char const*, int, std::__1::basic_string<char, std::__1::char_traits<char>, std::__1::allocator<char> > const&, int) + 55
4   libcore.3.dylib                     0x0000000119cf9b98 core::scoring::find_weights_file(std::__1::basic_string<char, std::__1::char_traits<char>, std::__1::allocator<char> > const&, std::__1::basic_string<char, std::__1::char_traits<char>, std::__1::allocator<char> > const&) + 1768
5   libcore.3.dylib                     0x0000000119cf8038 core::scoring::ScoreFunction::add_weights_from_file(std::__1::basic_string<char, std::__1::char_traits<char>, std::__1::allocator<char> > const&) + 40
6   libcore.3.dylib                     0x0000000119d15d68 core::scoring::ScoreFunctionFactory::load_score_function_from_disk(utility::options::OptionCollection const&, std::__1::basic_string<char, std::__1::char_traits<char>, std::__1::allocator<char> > const&, utility::vector1<std::__1::basic_string<char, std::__1::char_traits<char>, std::__1::allocator<char> >, std::__1::allocator<std::__1::basic_string<char, std::__1::char_traits<char>, std::__1::allocator<char> > > > const&) + 1512
7   libcore.3.dylib                     0x0000000119d1b75b std::__1::__function::__func<std::__1::__bind<std::__1::shared_ptr<core::scoring::SplitUnfoldedTwoBodyPotential> (*)(std::__1::basic_string<char, std::__1::char_traits<char>, std::__1::allocator<char> > const&, std::__1::basic_string<char, std::__1::char_traits<char>, std::__1::allocator<char> > const&, std::__1::basic_string<char, std::__1::char_traits<char>, std::__1::allocator<char> > const&), std::__1::reference_wrapper<std::__1::basic_string<char, std::__1::char_traits<char>, std::__1::allocator<char> > const>, std::__1::reference_wrapper<std::__1::basic_string<char, std::__1::char_traits<char>, std::__1::allocator<char> > const>, std::__1::reference_wrapper<std::__1::basic_string<char, std::__1::char_traits<char>, std::__1::allocator<char> > const> >, std::__1::allocator<std::__1::__bind<std::__1::shared_ptr<core::scoring::SplitUnfoldedTwoBodyPotential> (*)(std::__1::basic_string<char, std::__1::char_traits<char>, std::__1::allocator<char> > const&, std::__1::basic_string<char, std::__1::char_traits<char>, std::__1::allocator<char> > const&, std::__1::basic_string<char, std::__1::char_traits<char>, std::__1::allocator<char> > const&), std::__1::reference_wrapper<std::__1::basic_string<char, std::__1::char_traits<char>, std::__1::allocator<char> > const>, std::__1::reference_wrapper<std::__1::basic_string<char, std::__1::char_traits<char>, std::__1::allocator<char> > const>, std::__1::reference_wrapper<std::__1::basic_string<char, std::__1::char_traits<char>, std::__1::allocator<char> > const> > >, std::__1::shared_ptr<core::scoring::SplitUnfoldedTwoBodyPotential> ()>::operator()() + 27
8   libcore.3.dylib                     0x0000000119d16546 std::__1::shared_ptr<core::scoring::ScoreFunction> utility::thread::safely_check_map_for_key_and_insert_if_absent<core::scoring::ScoreFunction, core::scoring::ScoreFunctionKey>(std::__1::function<std::__1::shared_ptr<core::scoring::ScoreFunction> ()>, bool, core::scoring::ScoreFunctionKey const&, std::__1::map<core::scoring::ScoreFunctionKey, std::__1::shared_ptr<core::scoring::ScoreFunction>, std::__1::less<core::scoring::ScoreFunctionKey>, std::__1::allocator<std::__1::pair<core::scoring::ScoreFunctionKey const, std::__1::shared_ptr<core::scoring::ScoreFunction> > > >&) + 150
9   libcore.3.dylib                     0x0000000119d13fbb core::scoring::ScoreFunctionFactory::create_score_function_nonstatic(utility::options::OptionCollection const&, std::__1::basic_string<char, std::__1::char_traits<char>, std::__1::allocator<char> > const&, utility::vector1<std::__1::basic_string<char, std::__1::char_traits<char>, std::__1::allocator<char> >, std::__1::allocator<std::__1::basic_string<char, std::__1::char_traits<char>, std::__1::allocator<char> > > > const&) + 667
10  libcore.3.dylib                     0x0000000119d1889d core::scoring::get_score_function(utility::options::OptionCollection const&, bool) + 2045
11  libcore.3.dylib                     0x0000000119d18087 core::scoring::get_score_function(bool) + 23
12  libprotocols.4.dylib                0x0000000114634ba8 protocols::relax::generate_relax_from_cmd(utility::options::OptionCollection const&, bool) + 40
13  libprotocols.4.dylib                0x0000000114634b67 protocols::relax::generate_relax_from_cmd(bool) + 23
14  libprotocols.4.dylib                0x0000000114621c72 protocols::relax::Relax_main(bool) + 34
15  relax.default.macosclangrelease     0x000000010e9d7bc0 main + 96
16  dyld                                0x00000001142d152e start + 462

[END_BACKTRACE]

[FILE]: src/core/scoring/ScoreFunction.cc
[LINE]: 3516
[START_MESSAGE]
[ ERROR ] UtilityExitException
ERROR: Unable to open weights/patch file. None of (./)ref2015 or (./)ref2015.wts or /Users/jwu1421/College/ Stuff/rosetta/database/scoring/weights/ref2015 or /Users/jwu1421/College/ Stuff/rosetta/database/scoring/weights/ref2015.wts exist



[END_MESSAGE]
[END_CRASH_REPORT]

##############################################################################################################
#
# Rosetta crash log. Please submit the contents of this file to http://crash.rosettacommons.org/
# or use the script Rosetta/main/source/scripts/python/public/report_crashes.py
#

[START_CRASH_REPORT]
[ROSETTA_VERSION]: 0.0.dev0
[COMMIT_DATE]: 2025-11-04T10:02:46
[APPLICATION]: /Users/jwu1421/College Stuff/rosetta/source/bin/relax.default.macosclangrelease
[MODE]: Release
[EXTRAS]: default
[OS]: Apple Mac OS X
[COMPILER]: Clang version "14.0.0 (clang-1400.0.29.202)"
[STDLIB]: libc++ version 13000
[START_OPTIONS]
 -in:path:database="/Users/jwu1421/College Stuff/rosetta/database/" -in:file:s=./outputs/scripts/5J0K_A.pdb -in:file:native=/Users/jwu1421/College Stuff/rosetta/source/lab_7/inputs/5J0K_A.pdb -out:nstruct=3 -out:prefix=r_ -out:file:scorefile=score.sc -out:file:silent=relaxed_structures.silent -relax:default_repeats=1 -relax:constrain_relax_to_start_coords

[END_OPTIONS]

[START_BACKTRACE]: RAW_LIBC
0   libutility.dylib                    0x000000010eefb9ce backtrace_string(int) + 78
1   libutility.dylib                    0x000000010ef1c86e utility::excn::Exception::Exception(char const*, int, std::__1::basic_string<char, std::__1::char_traits<char>, std::__1::allocator<char> > const&) + 190
2   libutility.dylib                    0x000000010eeff69c utility::UtilityExitException::UtilityExitException(char const*, int, std::__1::basic_string<char, std::__1::char_traits<char>, std::__1::allocator<char> > const&) + 108
3   libutility.dylib                    0x000000010eeff5d7 utility::exit(char const*, int, std::__1::basic_string<char, std::__1::char_traits<char>, std::__1::allocator<char> > const&, int) + 55
4   libcore.6.dylib                     0x000000010a325374 core::import_pose::pose_from_file(core::pose::Pose&, core::chemical::ResidueTypeSet const&, std::__1::basic_string<char, std::__1::char_traits<char>, std::__1::allocator<char> > const&, core::import_pose::ImportPoseOptions const&, bool, core::import_pose::FileType) + 3924
5   libcore.6.dylib                     0x000000010a323b2a core::import_pose::pose_from_file(core::pose::Pose&, core::chemical::ResidueTypeSet const&, std::__1::basic_string<char, std::__1::char_traits<char>, std::__1::allocator<char> > const&, bool, core::import_pose::FileType) + 74
6   libprotocols.1.dylib                0x000000010b6608e5 protocols::jd2::set_native_in_mover(protocols::moves::Mover&, utility::options::OptionCollection const&) + 789
7   libprotocols.4.dylib                0x000000010ae8cc8d protocols::relax::Relax_main(bool) + 61
8   relax.default.macosclangrelease     0x000000010544bbc0 main + 96
9   dyld                                0x000000011469752e start + 462

[END_BACKTRACE]

[FILE]: src/core/import_pose/import_pose.cc
[LINE]: 387
[START_MESSAGE]
[ ERROR ] UtilityExitException
ERROR: Cannot open file "/Users/jwu1421/College Stuff/rosetta/source/lab_7/inputs/5J0K_A.pdb"



[END_MESSAGE]
[END_CRASH_REPORT]

##############################################################################################################
#
# Rosetta crash log. Please submit the contents of this file to http://crash.rosettacommons.org/
# or use the script Rosetta/main/source/scripts/python/public/report_crashes.py
#

[START_CRASH_REPORT]
[ROSETTA_VERSION]: 0.0.dev0
[COMMIT_DATE]: 2025-11-04T10:02:46
[APPLICATION]: /Users/jwu1421/College Stuff/rosetta/source/bin/relax.default.macosclangrelease
[MODE]: Release
[EXTRAS]: default
[OS]: Apple Mac OS X
[COMPILER]: Clang version "14.0.0 (clang-1400.0.29.202)"
[STDLIB]: libc++ version 13000
[START_OPTIONS]
 -in:path:database="/Users/jwu1421/College Stuff/rosetta/database/" -in:file:s=./outputs/scripts/5J0K_A.pdb -in:file:native=/Users/jwu1421/College Stuff/rosetta/source/lab_7/inputs/5J0K_A.pdb -out:nstruct=3 -out:prefix=r_ -out:file:scorefile=score.sc -out:file:silent=relaxed_structures.silent -relax:default_repeats=1 -relax:constrain_relax_to_start_coords

[END_OPTIONS]

[START_BACKTRACE]: RAW_LIBC
0   libutility.dylib                    0x0000000113e0c9ce backtrace_string(int) + 78
1   libutility.dylib                    0x0000000113e2d86e utility::excn::Exception::Exception(char const*, int, std::__1::basic_string<char, std::__1::char_traits<char>, std::__1::allocator<char> > const&) + 190
2   libutility.dylib                    0x0000000113e1069c utility::UtilityExitException::UtilityExitException(char const*, int, std::__1::basic_string<char, std::__1::char_traits<char>, std::__1::allocator<char> > const&) + 108
3   libutility.dylib                    0x0000000113e105d7 utility::exit(char const*, int, std::__1::basic_string<char, std::__1::char_traits<char>, std::__1::allocator<char> > const&, int) + 55
4   libcore.6.dylib                     0x000000010ed7c374 core::import_pose::pose_from_file(core::pose::Pose&, core::chemical::ResidueTypeSet const&, std::__1::basic_string<char, std::__1::char_traits<char>, std::__1::allocator<char> > const&, core::import_pose::ImportPoseOptions const&, bool, core::import_pose::FileType) + 3924
5   libcore.6.dylib                     0x000000010ed7ab2a core::import_pose::pose_from_file(core::pose::Pose&, core::chemical::ResidueTypeSet const&, std::__1::basic_string<char, std::__1::char_traits<char>, std::__1::allocator<char> > const&, bool, core::import_pose::FileType) + 74
6   libprotocols.1.dylib                0x00000001105718e5 protocols::jd2::set_native_in_mover(protocols::moves::Mover&, utility::options::OptionCollection const&) + 789
7   libprotocols.4.dylib                0x000000010f8e3c8d protocols::relax::Relax_main(bool) + 61
8   relax.default.macosclangrelease     0x0000000109ea2bc0 main + 96
9   dyld                                0x000000011038d52e start + 462

[END_BACKTRACE]

[FILE]: src/core/import_pose/import_pose.cc
[LINE]: 387
[START_MESSAGE]
[ ERROR ] UtilityExitException
ERROR: Cannot open file "/Users/jwu1421/College Stuff/rosetta/source/lab_7/inputs/5J0K_A.pdb"



[END_MESSAGE]
[END_CRASH_REPORT]

##############################################################################################################
#
# Rosetta crash log. Please submit the contents of this file to http://crash.rosettacommons.org/
# or use the script Rosetta/main/source/scripts/python/public/report_crashes.py
#

[START_CRASH_REPORT]
[ROSETTA_VERSION]: 0.0.dev0
[COMMIT_DATE]: 2025-11-04T10:02:46
[APPLICATION]: /Users/jwu1421/College Stuff/rosetta/source/bin/relax.default.macosclangrelease
[MODE]: Release
[EXTRAS]: default
[OS]: Apple Mac OS X
[COMPILER]: Clang version "14.0.0 (clang-1400.0.29.202)"
[STDLIB]: libc++ version 13000
[START_OPTIONS]
 -in:path:database="/Users/jwu1421/College Stuff/rosetta/database/" -in:file:s=./outputs/scripts/5J0K_A.pdb -in:file:native=/Users/jwu1421/5J0K_A.pdb -out:nstruct=3 -out:prefix=r_ -out:file:scorefile=score.sc -out:file:silent=relaxed_structures.silent -relax:default_repeats=1 -relax:constrain_relax_to_start_coords

[END_OPTIONS]

[START_BACKTRACE]: RAW_LIBC
0   libutility.dylib                    0x000000010c3c19ce backtrace_string(int) + 78
1   libutility.dylib                    0x000000010c3e286e utility::excn::Exception::Exception(char const*, int, std::__1::basic_string<char, std::__1::char_traits<char>, std::__1::allocator<char> > const&) + 190
2   libutility.dylib                    0x000000010c3c569c utility::UtilityExitException::UtilityExitException(char const*, int, std::__1::basic_string<char, std::__1::char_traits<char>, std::__1::allocator<char> > const&) + 108
3   libutility.dylib                    0x000000010c3c55d7 utility::exit(char const*, int, std::__1::basic_string<char, std::__1::char_traits<char>, std::__1::allocator<char> > const&, int) + 55
4   libcore.6.dylib                     0x00000001077eb374 core::import_pose::pose_from_file(core::pose::Pose&, core::chemical::ResidueTypeSet const&, std::__1::basic_string<char, std::__1::char_traits<char>, std::__1::allocator<char> > const&, core::import_pose::ImportPoseOptions const&, bool, core::import_pose::FileType) + 3924
5   libcore.6.dylib                     0x00000001077e98a1 core::import_pose::pose_from_file(core::pose::Pose&, std::__1::basic_string<char, std::__1::char_traits<char>, std::__1::allocator<char> > const&, core::import_pose::ImportPoseOptions const&, bool, core::import_pose::FileType) + 97
6   libcore.6.dylib                     0x00000001077e80a3 core::import_pose::pose_from_file(core::pose::Pose&, std::__1::basic_string<char, std::__1::char_traits<char>, std::__1::allocator<char> > const&, bool, core::import_pose::FileType) + 67
7   libprotocols.1.dylib                0x0000000108b06472 protocols::jd2::PDBJobInputter::pose_from_job(core::pose::Pose&, std::__1::shared_ptr<protocols::jd2::Job>) + 1778
8   libprotocols.1.dylib                0x0000000108ae7073 protocols::jd2::JobDistributor::run_one_job(std::__1::shared_ptr<protocols::moves::Mover>&, long, std::__1::basic_string<char, std::__1::char_traits<char>, std::__1::allocator<char> >&, std::__1::basic_string<char, std::__1::char_traits<char>, std::__1::allocator<char> >&, unsigned long&, unsigned long&, bool) + 1971
9   libprotocols.1.dylib                0x0000000108ae5ae2 protocols::jd2::JobDistributor::go_main(std::__1::shared_ptr<protocols::moves::Mover>) + 194
10  libprotocols.1.dylib                0x0000000108ae0c02 protocols::jd2::FileSystemJobDistributor::go(std::__1::shared_ptr<protocols::moves::Mover>) + 66
11  libprotocols.4.dylib                0x0000000108353d45 protocols::relax::Relax_main(bool) + 4341
12  relax.default.macosclangrelease     0x0000000102911bc0 main + 96
13  dyld                                0x000000010f76b52e start + 462

[END_BACKTRACE]

[FILE]: src/core/import_pose/import_pose.cc
[LINE]: 387
[START_MESSAGE]
[ ERROR ] UtilityExitException
ERROR: Cannot open file "./outputs/scripts/5J0K_A.pdb"



[END_MESSAGE]
[END_CRASH_REPORT]

##############################################################################################################
#
# Rosetta crash log. Please submit the contents of this file to http://crash.rosettacommons.org/
# or use the script Rosetta/main/source/scripts/python/public/report_crashes.py
#

[START_CRASH_REPORT]
[ROSETTA_VERSION]: 0.0.dev0
[COMMIT_DATE]: 2025-11-04T10:02:46
[APPLICATION]: /Users/jwu1421/College Stuff/rosetta/source/bin/relax.default.macosclangrelease
[MODE]: Release
[EXTRAS]: default
[OS]: Apple Mac OS X
[COMPILER]: Clang version "14.0.0 (clang-1400.0.29.202)"
[STDLIB]: libc++ version 13000
[START_OPTIONS]
 -in:path:database="/Users/jwu1421/College Stuff/rosetta/database/" -in:file:s=./outputs/scripts/5J0K_A.pdb -in:file:native=/Users/jwu1421/5J0K_A.pdb -out:nstruct=3 -out:prefix=r_ -out:file:scorefile=score.sc -out:file:silent=relaxed_structures.silent -relax:default_repeats=1 -relax:constrain_relax_to_start_coords

[END_OPTIONS]

[START_BACKTRACE]: RAW_LIBC
0   libutility.dylib                    0x0000000110c9a9ce backtrace_string(int) + 78
1   libutility.dylib                    0x0000000110cbb86e utility::excn::Exception::Exception(char const*, int, std::__1::basic_string<char, std::__1::char_traits<char>, std::__1::allocator<char> > const&) + 190
2   libutility.dylib                    0x0000000110c9e69c utility::UtilityExitException::UtilityExitException(char const*, int, std::__1::basic_string<char, std::__1::char_traits<char>, std::__1::allocator<char> > const&) + 108
3   libutility.dylib                    0x0000000110c9e5d7 utility::exit(char const*, int, std::__1::basic_string<char, std::__1::char_traits<char>, std::__1::allocator<char> > const&, int) + 55
4   libcore.6.dylib                     0x000000010c0c4374 core::import_pose::pose_from_file(core::pose::Pose&, core::chemical::ResidueTypeSet const&, std::__1::basic_string<char, std::__1::char_traits<char>, std::__1::allocator<char> > const&, core::import_pose::ImportPoseOptions const&, bool, core::import_pose::FileType) + 3924
5   libcore.6.dylib                     0x000000010c0c28a1 core::import_pose::pose_from_file(core::pose::Pose&, std::__1::basic_string<char, std::__1::char_traits<char>, std::__1::allocator<char> > const&, core::import_pose::ImportPoseOptions const&, bool, core::import_pose::FileType) + 97
6   libcore.6.dylib                     0x000000010c0c10a3 core::import_pose::pose_from_file(core::pose::Pose&, std::__1::basic_string<char, std::__1::char_traits<char>, std::__1::allocator<char> > const&, bool, core::import_pose::FileType) + 67
7   libprotocols.1.dylib                0x000000010d3df472 protocols::jd2::PDBJobInputter::pose_from_job(core::pose::Pose&, std::__1::shared_ptr<protocols::jd2::Job>) + 1778
8   libprotocols.1.dylib                0x000000010d3c0073 protocols::jd2::JobDistributor::run_one_job(std::__1::shared_ptr<protocols::moves::Mover>&, long, std::__1::basic_string<char, std::__1::char_traits<char>, std::__1::allocator<char> >&, std::__1::basic_string<char, std::__1::char_traits<char>, std::__1::allocator<char> >&, unsigned long&, unsigned long&, bool) + 1971
9   libprotocols.1.dylib                0x000000010d3beae2 protocols::jd2::JobDistributor::go_main(std::__1::shared_ptr<protocols::moves::Mover>) + 194
10  libprotocols.1.dylib                0x000000010d3b9c02 protocols::jd2::FileSystemJobDistributor::go(std::__1::shared_ptr<protocols::moves::Mover>) + 66
11  libprotocols.4.dylib                0x000000010cc2cd45 protocols::relax::Relax_main(bool) + 4341
12  relax.default.macosclangrelease     0x00000001071eabc0 main + 96
13  dyld                                0x000000011665452e start + 462

[END_BACKTRACE]

[FILE]: src/core/import_pose/import_pose.cc
[LINE]: 387
[START_MESSAGE]
[ ERROR ] UtilityExitException
ERROR: Cannot open file "./outputs/scripts/5J0K_A.pdb"



[END_MESSAGE]
[END_CRASH_REPORT]

##############################################################################################################
#
# Rosetta crash log. Please submit the contents of this file to http://crash.rosettacommons.org/
# or use the script Rosetta/main/source/scripts/python/public/report_crashes.py
#

[START_CRASH_REPORT]
[ROSETTA_VERSION]: 0.0.dev0
[COMMIT_DATE]: 2025-11-04T10:02:46
[APPLICATION]: /Users/jwu1421/College Stuff/rosetta/source/bin/relax.default.macosclangrelease
[MODE]: Release
[EXTRAS]: default
[OS]: Apple Mac OS X
[COMPILER]: Clang version "14.0.0 (clang-1400.0.29.202)"
[STDLIB]: libc++ version 13000
[START_OPTIONS]
 -in:path:database="/Users/jwu1421/College Stuff/rosetta/database/" -in:file:s=./outputs/scripts/5J0K_A.pdb -in:file:native=/Users/jwu1421/5J0K_A.pdb -in:file:fullatom -out:nstruct=3 -out:prefix=r_ -out:file:scorefile=score.sc -out:file:silent=relaxed_structures.silent -relax:default_repeats=1 -relax:constrain_relax_to_start_coords

[END_OPTIONS]

[START_BACKTRACE]: RAW_LIBC
0   libutility.dylib                    0x000000010d86e9ce backtrace_string(int) + 78
1   libutility.dylib                    0x000000010d88f86e utility::excn::Exception::Exception(char const*, int, std::__1::basic_string<char, std::__1::char_traits<char>, std::__1::allocator<char> > const&) + 190
2   libutility.dylib                    0x000000010d87269c utility::UtilityExitException::UtilityExitException(char const*, int, std::__1::basic_string<char, std::__1::char_traits<char>, std::__1::allocator<char> > const&) + 108
3   libutility.dylib                    0x000000010d8725d7 utility::exit(char const*, int, std::__1::basic_string<char, std::__1::char_traits<char>, std::__1::allocator<char> > const&, int) + 55
4   libcore.6.dylib                     0x0000000108ade374 core::import_pose::pose_from_file(core::pose::Pose&, core::chemical::ResidueTypeSet const&, std::__1::basic_string<char, std::__1::char_traits<char>, std::__1::allocator<char> > const&, core::import_pose::ImportPoseOptions const&, bool, core::import_pose::FileType) + 3924
5   libcore.6.dylib                     0x0000000108adc8a1 core::import_pose::pose_from_file(core::pose::Pose&, std::__1::basic_string<char, std::__1::char_traits<char>, std::__1::allocator<char> > const&, core::import_pose::ImportPoseOptions const&, bool, core::import_pose::FileType) + 97
6   libcore.6.dylib                     0x0000000108adb0a3 core::import_pose::pose_from_file(core::pose::Pose&, std::__1::basic_string<char, std::__1::char_traits<char>, std::__1::allocator<char> > const&, bool, core::import_pose::FileType) + 67
7   libprotocols.1.dylib                0x0000000109fb3472 protocols::jd2::PDBJobInputter::pose_from_job(core::pose::Pose&, std::__1::shared_ptr<protocols::jd2::Job>) + 1778
8   libprotocols.1.dylib                0x0000000109f94073 protocols::jd2::JobDistributor::run_one_job(std::__1::shared_ptr<protocols::moves::Mover>&, long, std::__1::basic_string<char, std::__1::char_traits<char>, std::__1::allocator<char> >&, std::__1::basic_string<char, std::__1::char_traits<char>, std::__1::allocator<char> >&, unsigned long&, unsigned long&, bool) + 1971
9   libprotocols.1.dylib                0x0000000109f92ae2 protocols::jd2::JobDistributor::go_main(std::__1::shared_ptr<protocols::moves::Mover>) + 194
10  libprotocols.1.dylib                0x0000000109f8dc02 protocols::jd2::FileSystemJobDistributor::go(std::__1::shared_ptr<protocols::moves::Mover>) + 66
11  libprotocols.4.dylib                0x0000000109646d45 protocols::relax::Relax_main(bool) + 4341
12  relax.default.macosclangrelease     0x0000000103c04bc0 main + 96
13  dyld                                0x0000000109def52e start + 462

[END_BACKTRACE]

[FILE]: src/core/import_pose/import_pose.cc
[LINE]: 387
[START_MESSAGE]
[ ERROR ] UtilityExitException
ERROR: Cannot open file "./outputs/scripts/5J0K_A.pdb"



[END_MESSAGE]
[END_CRASH_REPORT]

